[2026-09-04 22:00:00] INFO - Début du téléchargement
[2026-09-04 22:00:01] SKIP - accord-2025-578.pdf (10 Mo) - déjà présent
[2026-09-04 22:00:02] SKIP - accord-2025-229.pdf (1 Mo) - déjà présent
[2026-09-04 22:00:03] SKIP - accord-2024-961.pdf (871 Ko) - déjà présent
[2026-09-04 22:00:04] SKIP - accord-2023-026.pdf (846 Ko) - déjà présent
[2026-09-04 22:00:05] SKIP - accord-2022-27.pdf (152 Ko) - déjà présent
[2026-09-04 22:00:06] SKIP - accord-2022-658.pdf (2 Mo) - déjà présent
[2026-09-04 22:00:07] SKIP - accord-2022-361.pdf (5 Mo) - déjà présent
[2026-09-04 22:00:08] SKIP - accord-2022-324.pdf (5 Mo) - déjà présent
[2026-09-04 22:00:09] SKIP - accord-2021-162.pdf (803 Ko) - déjà présent
[2026-09-04 22:00:10] SKIP - accord-2020-378.pdf (579 Ko) - déjà présent
[2026-09-04 22:00:11] SKIP - accord-2019-230.pdf (515 Ko) - déjà présent
[2026-09-04 22:00:12] SKIP - accord-2023-150.pdf (6 Mo) - déjà présent
[2026-09-04 22:00:13] Résumé: 0 OK, 0 ERROR, 12 SKIP sur 12 total
[2026-09-04 22:00:14] INFO - Fin du téléchargement
[2026-09-04 22:20:28] OK - accord-2025-578.pdf (10 Mo) - téléchargé (0.0 Mo)
[2026-09-04 22:20:29] OK - accord-2025-229.pdf (1 Mo) - téléchargé (0.0 Mo)
[2026-09-04 22:20:29] OK - accord-2024-961.pdf (871 Ko) - téléchargé (0.0 Mo)
[2026-09-04 22:20:30] OK - accord-2023-026.pdf (846 Ko) - téléchargé (0.0 Mo)
[2026-09-04 22:20:31] OK - accord-2022-27.pdf (152 Ko) - téléchargé (0.0 Mo)
[2026-09-04 22:20:31] OK - accord-2022-658.pdf (2 Mo) - téléchargé (0.0 Mo)
[2026-09-04 22:20:32] OK - accord-2022-361.pdf (5 Mo) - téléchargé (0.0 Mo)
[2026-09-04 22:20:33] OK - accord-2022-324.pdf (5 Mo) - téléchargé (0.0 Mo)
[2026-09-04 22:20:33] OK - accord-2021-162.pdf (803 Ko) - téléchargé (0.0 Mo)
[2026-09-04 22:20:34] OK - accord-2020-378.pdf (579 Ko) - téléchargé (0.0 Mo)
[2026-09-04 22:20:34] OK - accord-2019-230.pdf (515 Ko) - téléchargé (0.0 Mo)
[2026-09-04 22:20:35] OK - accord-2023-150.pdf (6 Mo) - téléchargé (0.0 Mo)
[2026-09-04 22:20:35] Résumé: 12 OK, 0 ERROR, 0 SKIP sur 12 total
[2026-09-04 22:23:56] OK - accord-2025-578.pdf (10 Mo) - téléchargé (9.8 Mo)
[2026-09-04 22:23:58] OK - accord-2025-229.pdf (1 Mo) - téléchargé (1.1 Mo)
[2026-09-04 22:23:59] OK - accord-2024-961.pdf (871 Ko) - téléchargé (0.9 Mo)
[2026-09-04 22:24:01] OK - accord-2023-026.pdf (846 Ko) - téléchargé (0.8 Mo)
[2026-09-04 22:24:02] OK - accord-2022-27.pdf (152 Ko) - téléchargé (0.1 Mo)
[2026-09-04 22:24:03] OK - accord-2022-658.pdf (2 Mo) - téléchargé (1.5 Mo)
[2026-09-04 22:24:06] OK - accord-2022-361.pdf (5 Mo) - téléchargé (4.6 Mo)
[2026-09-04 22:24:09] OK - accord-2022-324.pdf (5 Mo) - téléchargé (4.8 Mo)
[2026-09-04 22:24:11] OK - accord-2021-162.pdf (803 Ko) - téléchargé (0.8 Mo)
[2026-09-04 22:24:12] OK - accord-2020-378.pdf (579 Ko) - téléchargé (0.6 Mo)
[2026-09-04 22:24:13] OK - accord-2019-230.pdf (515 Ko) - téléchargé (0.5 Mo)
[2026-09-04 22:24:16] OK - accord-2023-150.pdf (6 Mo) - téléchargé (6.1 Mo)
[2026-09-04 22:24:16] Résumé: 12 OK, 0 ERROR, 0 SKIP sur 12 total
