[2026-09-04 23:37:28] OK - cm-2026-05-28.pdf (271 Ko) - téléchargé (0.3 Mo)
[2026-09-04 23:37:30] OK - cm-2026-04-22.pdf (670 Ko) - téléchargé (0.7 Mo)
[2026-09-04 23:37:35] OK - cm-2025-12-10.pdf (604 Ko) - téléchargé (0.6 Mo)
[2026-09-04 23:37:36] OK - cm-2026-01-21.pdf (1 Mo) - téléchargé (1.1 Mo)
[2026-09-04 23:37:37] OK - cm-2026-02-18.pdf (1 Mo) - téléchargé (1.3 Mo)
[2026-09-04 23:37:37] OK - cm-2026-06-03.pdf (2 Mo) - téléchargé (2.1 Mo)
[2026-09-04 23:37:37] OK - cm-2025-12-26.pdf (655 Ko) - téléchargé (0.6 Mo)
[2026-09-04 23:37:39] OK - cm-2026-02-04.pdf (1 Mo) - téléchargé (1.1 Mo)
[2026-09-04 23:37:40] OK - cm-2026-03-11.pdf (2 Mo) - téléchargé (2.3 Mo)
[2026-09-04 23:37:41] OK - cm-2025-11-05.pdf (1 Mo) - téléchargé (1.2 Mo)
[2026-09-04 23:37:41] OK - cm-2025-11-12.pdf (1 Mo) - téléchargé (1.1 Mo)
[2026-09-04 23:37:41] OK - cm-2025-11-19.pdf (1 Mo) - téléchargé (1.3 Mo)
[2026-09-04 23:37:43] OK - cm-2026-03-04.pdf (3 Mo) - téléchargé (2.7 Mo)
[2026-09-04 23:37:43] OK - cm-2025-12-17.pdf (1 Mo) - téléchargé (1.1 Mo)
[2026-09-04 23:37:44] OK - cm-2026-09-02.pdf (3 Mo) - téléchargé (3.2 Mo)
[2026-09-04 23:37:46] OK - cm-2026-07-01.pdf (4 Mo) - téléchargé (4.4 Mo)
[2026-09-04 23:37:46] OK - cm-2026-01-28.pdf (1 Mo) - téléchargé (1.2 Mo)
[2026-09-04 23:37:46] OK - cm-2025-12-03.pdf (2 Mo) - téléchargé (1.6 Mo)
[2026-09-04 23:37:47] OK - cm-2025-12-08.pdf (1 Mo) - téléchargé (1.3 Mo)
[2026-09-04 23:37:47] OK - cm-2025-10-29.pdf (2 Mo) - téléchargé (1.8 Mo)
[2026-09-04 23:37:48] OK - cm-2026-05-13.pdf (3 Mo) - téléchargé (2.7 Mo)
[2026-09-04 23:37:49] OK - cm-2025-10-22.pdf (1 Mo) - téléchargé (1.3 Mo)
[2026-09-04 23:37:50] OK - cm-2025-10-01.pdf (495 Ko) - téléchargé (0.5 Mo)
[2026-09-04 23:37:52] OK - cm-2025-07-16.pdf (541 Ko) - téléchargé (0.5 Mo)
[2026-09-04 23:37:52] OK - cm-2025-05-28.pdf (730 Ko) - téléchargé (0.7 Mo)
[2026-09-04 23:37:54] OK - cm-2025-10-15.pdf (1 Mo) - téléchargé (1.2 Mo)
[2026-09-04 23:37:55] OK - cm-2025-05-14.pdf (938 Ko) - téléchargé (0.9 Mo)
[2026-09-04 23:37:55] OK - cm-2025-05-07.pdf (525 Ko) - téléchargé (0.5 Mo)
[2026-09-04 23:37:55] OK - cm-2025-10-08.pdf (1 Mo) - téléchargé (1.4 Mo)
[2026-09-04 23:37:56] OK - cm-2025-07-23.pdf (1019 Ko) - téléchargé (1.0 Mo)
[2026-09-04 23:37:57] OK - cm-2025-07-30.pdf (1 Mo) - téléchargé (1.2 Mo)
[2026-09-04 23:38:03] OK - cm-2025-06-11.pdf (2 Mo) - téléchargé (1.7 Mo)
[2026-09-04 23:38:03] OK - cm-2025-09-10.pdf (1 Mo) - téléchargé (1.3 Mo)
[2026-09-04 23:38:04] OK - cm-2025-09-03.pdf (2 Mo) - téléchargé (2.1 Mo)
[2026-09-04 23:38:04] OK - cm-2025-06-18.pdf (1 Mo) - téléchargé (1.4 Mo)
[2026-09-04 23:38:07] OK - cm-2025-09-24.pdf (5 Mo) - téléchargé (4.9 Mo)
[2026-09-04 23:38:09] OK - cm-2025-09-17.pdf (2 Mo) - téléchargé (2.2 Mo)
[2026-09-04 23:38:09] OK - cm-2025-04-23.pdf (2 Mo) - téléchargé (2.1 Mo)
[2026-09-04 23:38:10] OK - cm-2025-07-02.pdf (3 Mo) - téléchargé (2.8 Mo)
[2026-09-04 23:38:10] OK - cm-2025-05-21.pdf (3 Mo) - téléchargé (2.7 Mo)
[2026-09-04 23:38:11] OK - cm-2025-04-16.pdf (1 Mo) - téléchargé (1.4 Mo)
[2026-09-04 23:38:11] OK - cm-2025-04-09.pdf (1 Mo) - téléchargé (1.4 Mo)
[2026-09-04 23:38:12] OK - cm-2025-03-26.pdf (1 Mo) - téléchargé (1.2 Mo)
[2026-09-04 23:38:12] OK - cm-2025-03-19.pdf (359 Ko) - téléchargé (0.4 Mo)
[2026-09-04 23:38:12] OK - cm-2025-02-26.pdf (519 Ko) - téléchargé (0.5 Mo)
[2026-09-04 23:38:12] OK - cm-2025-02-12.pdf (106 Ko) - téléchargé (0.1 Mo)
[2026-09-04 23:38:15] OK - cm-2025-01-15.pdf (309 Ko) - téléchargé (0.3 Mo)
[2026-09-04 23:38:15] OK - cm-2025-01-29.pdf (286 Ko) - téléchargé (0.3 Mo)
[2026-09-04 23:38:16] OK - cm-2025-02-05.pdf (338 Ko) - téléchargé (0.3 Mo)
[2026-09-04 23:38:17] OK - cm-2025-03-12.pdf (1 Mo) - téléchargé (1.2 Mo)
[2026-09-04 23:38:17] OK - cm-2024-10-16.pdf (103 Ko) - téléchargé (0.1 Mo)
[2026-09-04 23:38:17] OK - cm-2024-12-24.pdf (781 Ko) - téléchargé (0.8 Mo)
[2026-09-04 23:38:17] OK - cm-2025-02-19.pdf (797 Ko) - téléchargé (0.8 Mo)
[2026-09-04 23:38:18] OK - cm-2024-12-18.pdf (409 Ko) - téléchargé (0.4 Mo)
[2026-09-04 23:38:18] OK - cm-2024-11-27.pdf (230 Ko) - téléchargé (0.2 Mo)
[2026-09-04 23:38:18] OK - cm-2024-10-09.pdf (468 Ko) - téléchargé (0.5 Mo)
[2026-09-04 23:38:19] OK - cm-2024-10-02.pdf (516 Ko) - téléchargé (0.5 Mo)
[2026-09-04 23:38:19] OK - cm-2024-12-11.pdf (642 Ko) - téléchargé (0.6 Mo)
[2026-09-04 23:38:20] OK - cm-2024-11-06.pdf (802 Ko) - téléchargé (0.8 Mo)
[2026-09-04 23:38:21] OK - cm-2024-09-25.pdf (1 Mo) - téléchargé (1.2 Mo)
[2026-09-04 23:38:21] OK - cm-2024-11-20.pdf (1 Mo) - téléchargé (1.4 Mo)
[2026-09-04 23:38:22] OK - cm-2025-01-22.pdf (2 Mo) - téléchargé (1.8 Mo)
[2026-09-04 23:38:23] OK - cm-2024-09-18.pdf (1 Mo) - téléchargé (1.1 Mo)
[2026-09-04 23:38:23] OK - cm-2024-09-11.pdf (778 Ko) - téléchargé (0.8 Mo)
[2026-09-04 23:38:24] OK - cm-2024-11-13.pdf (2 Mo) - téléchargé (1.8 Mo)
[2026-09-04 23:38:24] OK - cm-2024-09-04.pdf (852 Ko) - téléchargé (0.8 Mo)
[2026-09-04 23:38:25] OK - cm-2024-10-30.pdf (1 Mo) - téléchargé (1.4 Mo)
[2026-09-04 23:38:25] OK - cm-2024-07-31.pdf (1 Mo) - téléchargé (1.4 Mo)
[2026-09-04 23:38:25] OK - cm-2024-10-23.pdf (1 Mo) - téléchargé (1.2 Mo)
[2026-09-04 23:38:25] OK - cm-2024-07-17.pdf (1 Mo) - téléchargé (1.4 Mo)
[2026-09-04 23:38:25] OK - cm-2024-07-03.pdf (963 Ko) - téléchargé (0.9 Mo)
[2026-09-04 23:38:25] OK - cm-2024-06-26.pdf (670 Ko) - téléchargé (0.7 Mo)
[2026-09-04 23:38:25] OK - cm-2024-06-19.pdf (872 Ko) - téléchargé (0.9 Mo)
[2026-09-04 23:38:26] OK - cm-2024-05-22.pdf (395 Ko) - téléchargé (0.4 Mo)
[2026-09-04 23:38:26] OK - cm-2024-04-24.pdf (626 Ko) - téléchargé (0.6 Mo)
[2026-09-04 23:38:27] OK - cm-2024-05-15.pdf (533 Ko) - téléchargé (0.5 Mo)
[2026-09-04 23:38:27] OK - cm-2024-04-17.pdf (1 Mo) - téléchargé (1.2 Mo)
[2026-09-04 23:38:27] OK - cm-2024-02-21.pdf (279 Ko) - téléchargé (0.3 Mo)
[2026-09-04 23:38:28] OK - cm-2024-03-06.pdf (885 Ko) - téléchargé (0.9 Mo)
[2026-09-04 23:38:28] OK - cm-2024-06-12.pdf (1 Mo) - téléchargé (1.3 Mo)
[2026-09-04 23:38:28] OK - cm-2024-03-27.pdf (783 Ko) - téléchargé (0.8 Mo)
[2026-09-04 23:38:28] OK - cm-2024-01-17.pdf (298 Ko) - téléchargé (0.3 Mo)
[2026-09-04 23:38:28] OK - cm-2024-04-11.pdf (1 Mo) - téléchargé (1.3 Mo)
[2026-09-04 23:38:29] OK - cm-2024-03-18.pdf (629 Ko) - téléchargé (0.6 Mo)
[2026-09-04 23:38:29] OK - cm-2024-02-07.pdf (755 Ko) - téléchargé (0.7 Mo)
[2026-09-04 23:38:29] OK - cm-2024-01-31.pdf (537 Ko) - téléchargé (0.5 Mo)
[2026-09-04 23:38:29] OK - cm-2024-02-28.pdf (1 Mo) - téléchargé (1.4 Mo)
[2026-09-04 23:38:30] OK - cm-2024-02-14.pdf (907 Ko) - téléchargé (0.9 Mo)
[2026-09-04 23:38:30] OK - cm-2024-03-13.pdf (846 Ko) - téléchargé (0.8 Mo)
[2026-09-04 23:38:30] OK - cm-2024-04-03.pdf (2 Mo) - téléchargé (1.5 Mo)
[2026-09-04 23:38:31] OK - cm-2024-01-24.pdf (963 Ko) - téléchargé (0.9 Mo)
[2026-09-04 23:38:32] OK - cm-2023-12-13.pdf (747 Ko) - téléchargé (0.7 Mo)
[2026-09-04 23:38:32] OK - cm-2024-05-08.pdf (2 Mo) - téléchargé (1.6 Mo)
[2026-09-04 23:38:34] OK - cm-2023-12-06.pdf (1 Mo) - téléchargé (1.1 Mo)
[2026-09-04 23:38:35] OK - cm-2024-01-09.pdf (3 Mo) - téléchargé (3.0 Mo)
[2026-09-04 23:38:35] OK - cm-2023-10-11.pdf (400 Ko) - téléchargé (0.4 Mo)
[2026-09-04 23:38:35] OK - cm-2023-12-20.pdf (2 Mo) - téléchargé (2.1 Mo)
[2026-09-04 23:38:36] OK - cm-2023-10-18.pdf (794 Ko) - téléchargé (0.8 Mo)
[2026-09-04 23:38:36] OK - cm-2023-10-05.pdf (555 Ko) - téléchargé (0.5 Mo)
[2026-09-04 23:38:36] OK - cm-2023-10-31.pdf (978 Ko) - téléchargé (1.0 Mo)
[2026-09-04 23:38:37] OK - cm-2023-09-20.pdf (608 Ko) - téléchargé (0.6 Mo)
[2026-09-04 23:38:37] OK - cm-2023-07-19.pdf (802 Ko) - téléchargé (0.8 Mo)
[2026-09-04 23:38:38] OK - cm-2023-11-08.pdf (1 Mo) - téléchargé (1.5 Mo)
[2026-09-04 23:38:38] OK - cm-2023-07-05.pdf (668 Ko) - téléchargé (0.7 Mo)
[2026-09-04 23:38:38] OK - cm-2023-11-29.pdf (2 Mo) - téléchargé (2.0 Mo)
[2026-09-04 23:38:38] OK - cm-2023-07-12.pdf (1 Mo) - téléchargé (1.1 Mo)
[2026-09-04 23:38:39] OK - cm-2023-09-13.pdf (2 Mo) - téléchargé (2.2 Mo)
[2026-09-04 23:38:39] OK - cm-2023-09-26.pdf (1 Mo) - téléchargé (1.4 Mo)
[2026-09-04 23:38:39] OK - cm-2023-05-31.pdf (663 Ko) - téléchargé (0.6 Mo)
[2026-09-04 23:38:39] OK - cm-2023-06-07.pdf (771 Ko) - téléchargé (0.8 Mo)
[2026-09-04 23:38:39] OK - cm-2023-06-21.pdf (2 Mo) - téléchargé (1.6 Mo)
[2026-09-04 23:38:40] OK - cm-2023-05-24.pdf (934 Ko) - téléchargé (0.9 Mo)
[2026-09-04 23:38:40] OK - cm-2023-04-19.pdf (240 Ko) - téléchargé (0.2 Mo)
[2026-09-04 23:38:41] OK - cm-2023-06-14.pdf (2 Mo) - téléchargé (1.5 Mo)
[2026-09-04 23:38:42] OK - cm-2023-04-26.pdf (1 Mo) - téléchargé (1.3 Mo)
[2026-09-04 23:38:43] OK - cm-2023-04-05.pdf (628 Ko) - téléchargé (0.6 Mo)
[2026-09-04 23:38:43] OK - cm-2023-04-12.pdf (905 Ko) - téléchargé (0.9 Mo)
[2026-09-04 23:38:45] OK - cm-2023-07-26.pdf (2 Mo) - téléchargé (2.2 Mo)
[2026-09-04 23:38:45] OK - cm-2023-05-10.pdf (2 Mo) - téléchargé (1.5 Mo)
[2026-09-04 23:38:45] OK - cm-2023-05-03.pdf (2 Mo) - téléchargé (1.5 Mo)
[2026-09-04 23:38:45] OK - cm-2023-03-29.pdf (1 Mo) - téléchargé (1.1 Mo)
[2026-09-04 23:38:46] OK - cm-2023-03-01.pdf (643 Ko) - téléchargé (0.6 Mo)
[2026-09-04 23:38:46] OK - cm-2023-03-22.pdf (638 Ko) - téléchargé (0.6 Mo)
[2026-09-04 23:38:46] OK - cm-2023-03-15.pdf (626 Ko) - téléchargé (0.6 Mo)
[2026-09-04 23:38:48] OK - cm-2023-02-22.pdf (1 Mo) - téléchargé (1.2 Mo)
[2026-09-04 23:38:48] OK - cm-2023-02-15.pdf (1 Mo) - téléchargé (1.1 Mo)
[2026-09-04 23:38:48] OK - cm-2023-02-08.pdf (659 Ko) - téléchargé (0.6 Mo)
[2026-09-04 23:38:49] OK - cm-2022-12-21.pdf (458 Ko) - téléchargé (0.4 Mo)
[2026-09-04 23:38:49] OK - cm-2023-01-18.pdf (656 Ko) - téléchargé (0.6 Mo)
[2026-09-04 23:38:49] OK - cm-2023-02-01.pdf (979 Ko) - téléchargé (1.0 Mo)
[2026-09-04 23:38:50] OK - cm-2022-11-30.pdf (1 Mo) - téléchargé (1.2 Mo)
[2026-09-04 23:38:50] OK - cm-2022-11-23.pdf (766 Ko) - téléchargé (0.7 Mo)
[2026-09-04 23:38:50] OK - cm-2022-12-07.pdf (1 Mo) - téléchargé (1.5 Mo)
[2026-09-04 23:38:51] OK - cm-2022-11-16.pdf (1 Mo) - téléchargé (1.1 Mo)
[2026-09-04 23:38:52] OK - cm-2023-01-25.pdf (2 Mo) - téléchargé (2.0 Mo)
[2026-09-04 23:38:54] OK - cm-2022-09-21.pdf (1 Mo) - téléchargé (1.1 Mo)
[2026-09-04 23:38:55] OK - cm-2022-07-27.pdf (390 Ko) - téléchargé (0.4 Mo)
[2026-09-04 23:38:55] OK - cm-2022-10-19.pdf (628 Ko) - téléchargé (0.6 Mo)
[2026-09-04 23:38:55] OK - cm-2022-09-28.pdf (1003 Ko) - téléchargé (1.0 Mo)
[2026-09-04 23:38:55] OK - cm-2022-10-26.pdf (780 Ko) - téléchargé (0.8 Mo)
[2026-09-04 23:38:56] OK - cm-2022-11-02.pdf (981 Ko) - téléchargé (1.0 Mo)
[2026-09-04 23:38:57] OK - cm-2022-07-20.pdf (941 Ko) - téléchargé (0.9 Mo)
[2026-09-04 23:38:57] OK - cm-2022-09-07.pdf (626 Ko) - téléchargé (0.6 Mo)
[2026-09-04 23:38:57] OK - cm-2022-10-12.pdf (2 Mo) - téléchargé (2.1 Mo)
[2026-09-04 23:38:57] OK - cm-2022-09-14.pdf (998 Ko) - téléchargé (1.0 Mo)
[2026-09-04 23:38:57] OK - cm-2022-07-13.pdf (863 Ko) - téléchargé (0.8 Mo)
[2026-09-04 23:38:58] OK - cm-2022-07-06.pdf (627 Ko) - téléchargé (0.6 Mo)
[2026-09-04 23:38:58] OK - cm-2022-06-15.pdf (436 Ko) - téléchargé (0.4 Mo)
[2026-09-04 23:38:58] OK - cm-2022-06-22.pdf (635 Ko) - téléchargé (0.6 Mo)
[2026-09-04 23:38:59] OK - cm-2022-05-25.pdf (928 Ko) - téléchargé (0.9 Mo)
[2026-09-04 23:38:59] OK - cm-2022-06-08.pdf (540 Ko) - téléchargé (0.5 Mo)
[2026-09-04 23:38:59] OK - cm-2022-04-27.pdf (327 Ko) - téléchargé (0.3 Mo)
[2026-09-04 23:39:00] OK - cm-2022-08-03.pdf (2 Mo) - téléchargé (2.2 Mo)
[2026-09-04 23:39:00] OK - cm-2022-05-11.pdf (893 Ko) - téléchargé (0.9 Mo)
[2026-09-04 23:39:00] OK - cm-2022-06-01.pdf (978 Ko) - téléchargé (1.0 Mo)
[2026-09-04 23:39:00] OK - cm-2022-03-30.pdf (382 Ko) - téléchargé (0.4 Mo)
[2026-09-04 23:39:00] OK - cm-2022-05-04.pdf (571 Ko) - téléchargé (0.6 Mo)
[2026-09-04 23:39:00] OK - cm-2022-03-16.pdf (503 Ko) - téléchargé (0.5 Mo)
[2026-09-04 23:39:01] OK - cm-2022-03-23.pdf (845 Ko) - téléchargé (0.8 Mo)
[2026-09-04 23:39:01] OK - cm-2022-04-20.pdf (916 Ko) - téléchargé (0.9 Mo)
[2026-09-04 23:39:01] OK - cm-2022-04-06.pdf (658 Ko) - téléchargé (0.6 Mo)
[2026-09-04 23:39:01] OK - cm-2022-03-09.pdf (352 Ko) - téléchargé (0.3 Mo)
[2026-09-04 23:39:02] OK - cm-2022-02-10.pdf (445 Ko) - téléchargé (0.4 Mo)
[2026-09-04 23:39:02] OK - cm-2022-02-23.pdf (494 Ko) - téléchargé (0.5 Mo)
[2026-09-04 23:39:02] OK - cm-2022-01-26.pdf (340 Ko) - téléchargé (0.3 Mo)
[2026-09-04 23:39:02] OK - cm-2022-02-16.pdf (581 Ko) - téléchargé (0.6 Mo)
[2026-09-04 23:39:02] OK - cm-2022-03-02.pdf (1 Mo) - téléchargé (1.1 Mo)
[2026-09-04 23:39:02] OK - cm-2022-02-09.pdf (585 Ko) - téléchargé (0.6 Mo)
[2026-09-04 23:39:03] OK - cm-2022-02-02.pdf (627 Ko) - téléchargé (0.6 Mo)
[2026-09-04 23:39:03] OK - cm-2022-01-12.pdf (409 Ko) - téléchargé (0.4 Mo)
[2026-09-04 23:39:03] OK - cm-2022-01-19.pdf (597 Ko) - téléchargé (0.6 Mo)
[2026-09-04 23:39:04] OK - cm-2022-01-05.pdf (598 Ko) - téléchargé (0.6 Mo)
[2026-09-04 23:39:04] OK - cm-2021-11-03.pdf (248 Ko) - téléchargé (0.2 Mo)
[2026-09-04 23:39:04] OK - cm-2021-11-24.pdf (642 Ko) - téléchargé (0.6 Mo)
[2026-09-04 23:39:05] OK - cm-2021-12-15.pdf (739 Ko) - téléchargé (0.7 Mo)
[2026-09-04 23:39:05] OK - cm-2021-11-17.pdf (462 Ko) - téléchargé (0.5 Mo)
[2026-09-04 23:39:05] OK - cm-2021-12-22.pdf (835 Ko) - téléchargé (0.8 Mo)
[2026-09-04 23:39:06] OK - cm-2021-11-10.pdf (840 Ko) - téléchargé (0.8 Mo)
[2026-09-04 23:39:06] OK - cm-2021-10-27.pdf (842 Ko) - téléchargé (0.8 Mo)
[2026-09-04 23:39:07] OK - cm-2021-10-20.pdf (661 Ko) - téléchargé (0.6 Mo)
[2026-09-04 23:39:07] OK - cm-2021-12-08.pdf (1 Mo) - téléchargé (1.1 Mo)
[2026-09-04 23:39:07] OK - cm-2021-10-06.pdf (490 Ko) - téléchargé (0.5 Mo)
[2026-09-04 23:39:07] OK - cm-2021-09-22.pdf (521 Ko) - téléchargé (0.5 Mo)
[2026-09-04 23:39:07] OK - cm-2021-10-13.pdf (978 Ko) - téléchargé (1.0 Mo)
[2026-09-04 23:39:08] OK - cm-2021-09-15.pdf (501 Ko) - téléchargé (0.5 Mo)
[2026-09-04 23:39:09] OK - cm-2021-09-08.pdf (658 Ko) - téléchargé (0.6 Mo)
[2026-09-04 23:39:09] OK - cm-2021-07-21.pdf (690 Ko) - téléchargé (0.7 Mo)
[2026-09-04 23:39:09] OK - cm-2021-09-29.pdf (1 Mo) - téléchargé (1.1 Mo)
[2026-09-04 23:39:09] OK - cm-2021-07-28.pdf (1 Mo) - téléchargé (1.1 Mo)
[2026-09-04 23:39:10] OK - cm-2021-07-14.pdf (803 Ko) - téléchargé (0.8 Mo)
[2026-09-04 23:39:10] OK - cm-2021-05-19.pdf (281 Ko) - téléchargé (0.3 Mo)
[2026-09-04 23:39:11] OK - cm-2021-06-16.pdf (489 Ko) - téléchargé (0.5 Mo)
[2026-09-04 23:39:11] OK - cm-2021-09-01.pdf (1 Mo) - téléchargé (1.0 Mo)
[2026-09-04 23:39:11] OK - cm-2021-06-30.pdf (894 Ko) - téléchargé (0.9 Mo)
[2026-09-04 23:39:11] OK - cm-2021-06-02.pdf (830 Ko) - téléchargé (0.8 Mo)
[2026-09-04 23:39:12] OK - cm-2021-07-07.pdf (1 Mo) - téléchargé (1.4 Mo)
[2026-09-04 23:39:12] OK - cm-2021-05-05.pdf (491 Ko) - téléchargé (0.5 Mo)
[2026-09-04 23:39:12] OK - cm-2021-05-12.pdf (595 Ko) - téléchargé (0.6 Mo)
[2026-09-04 23:39:12] OK - cm-2021-04-28.pdf (352 Ko) - téléchargé (0.3 Mo)
[2026-09-04 23:39:12] OK - cm-2021-03-10.pdf (457 Ko) - téléchargé (0.4 Mo)
[2026-09-04 23:39:13] OK - cm-2021-03-03.pdf (379 Ko) - téléchargé (0.4 Mo)
[2026-09-04 23:39:14] OK - cm-2021-06-09.pdf (1 Mo) - téléchargé (1.2 Mo)
[2026-09-04 23:39:14] OK - cm-2021-02-24.pdf (532 Ko) - téléchargé (0.5 Mo)
[2026-09-04 23:39:14] OK - cm-2021-02-10.pdf (274 Ko) - téléchargé (0.3 Mo)
[2026-09-04 23:39:14] OK - cm-2021-01-27.pdf (191 Ko) - téléchargé (0.2 Mo)
[2026-09-04 23:39:14] OK - cm-2021-02-17.pdf (747 Ko) - téléchargé (0.7 Mo)
[2026-09-04 23:39:15] OK - cm-2021-03-24.pdf (1 Mo) - téléchargé (1.2 Mo)
[2026-09-04 23:39:15] OK - cm-2021-01-13.pdf (248 Ko) - téléchargé (0.2 Mo)
[2026-09-04 23:39:16] OK - cm-2021-02-03.pdf (519 Ko) - téléchargé (0.5 Mo)
[2026-09-04 23:39:16] OK - cm-2021-01-20.pdf (556 Ko) - téléchargé (0.5 Mo)
[2026-09-04 23:39:16] OK - cm-2021-01-06.pdf (357 Ko) - téléchargé (0.3 Mo)
[2026-09-04 23:39:17] OK - cm-2020-11-25.pdf (394 Ko) - téléchargé (0.4 Mo)
[2026-09-04 23:39:17] OK - cm-2020-10-28.pdf (231 Ko) - téléchargé (0.2 Mo)
[2026-09-04 23:39:17] OK - cm-2020-12-09.pdf (754 Ko) - téléchargé (0.7 Mo)
[2026-09-04 23:39:17] OK - cm-2020-12-02.pdf (874 Ko) - téléchargé (0.9 Mo)
[2026-09-04 23:39:17] OK - cm-2020-11-18.pdf (495 Ko) - téléchargé (0.5 Mo)
[2026-09-04 23:39:18] OK - cm-2020-11-04.pdf (890 Ko) - téléchargé (0.9 Mo)
[2026-09-04 23:39:18] OK - cm-2020-12-23.pdf (2 Mo) - téléchargé (1.6 Mo)
[2026-09-04 23:39:18] OK - cm-2020-11-11.pdf (882 Ko) - téléchargé (0.9 Mo)
[2026-09-04 23:39:19] OK - cm-2020-09-02.pdf (512 Ko) - téléchargé (0.5 Mo)
[2026-09-04 23:39:19] OK - cm-2020-09-16.pdf (385 Ko) - téléchargé (0.4 Mo)
[2026-09-04 23:39:19] OK - cm-2020-10-14.pdf (741 Ko) - téléchargé (0.7 Mo)
[2026-09-04 23:39:19] OK - cm-2020-09-23.pdf (648 Ko) - téléchargé (0.6 Mo)
[2026-09-04 23:39:19] OK - cm-2020-09-09.pdf (647 Ko) - téléchargé (0.6 Mo)
[2026-09-04 23:39:20] OK - cm-2020-08-26.pdf (369 Ko) - téléchargé (0.4 Mo)
[2026-09-04 23:39:21] OK - cm-2020-09-30.pdf (2 Mo) - téléchargé (1.9 Mo)
[2026-09-04 23:39:22] OK - cm-2020-08-19.pdf (860 Ko) - téléchargé (0.8 Mo)
[2026-09-04 23:39:23] OK - cm-2020-07-22.pdf (906 Ko) - téléchargé (0.9 Mo)
[2026-09-04 23:39:23] OK - cm-2020-07-08.pdf (654 Ko) - téléchargé (0.6 Mo)
[2026-09-04 23:39:23] OK - cm-2020-07-15.pdf (793 Ko) - téléchargé (0.8 Mo)
[2026-09-04 23:39:23] OK - cm-2020-06-24.pdf (432 Ko) - téléchargé (0.4 Mo)
[2026-09-04 23:39:23] OK - cm-2020-10-07.pdf (1 Mo) - téléchargé (1.5 Mo)
[2026-09-04 23:39:24] OK - cm-2020-07-29.pdf (2 Mo) - téléchargé (1.7 Mo)
[2026-09-04 23:39:24] OK - cm-2020-06-17.pdf (474 Ko) - téléchargé (0.5 Mo)
[2026-09-04 23:39:24] OK - cm-2020-07-01.pdf (1 Mo) - téléchargé (1.1 Mo)
[2026-09-04 23:39:25] OK - cm-2020-05-13.pdf (313 Ko) - téléchargé (0.3 Mo)
[2026-09-04 23:39:25] OK - cm-2020-04-29.pdf (602 Ko) - téléchargé (0.6 Mo)
[2026-09-04 23:39:26] OK - cm-2020-05-20.pdf (388 Ko) - téléchargé (0.4 Mo)
[2026-09-04 23:39:26] OK - cm-2020-06-03.pdf (439 Ko) - téléchargé (0.4 Mo)
[2026-09-04 23:39:26] OK - cm-2020-06-10.pdf (1 Mo) - téléchargé (1.1 Mo)
[2026-09-04 23:39:27] OK - cm-2020-04-22.pdf (685 Ko) - téléchargé (0.7 Mo)
[2026-09-04 23:39:29] OK - cm-2020-03-25.pdf (420 Ko) - téléchargé (0.4 Mo)
[2026-09-04 23:39:29] OK - cm-2020-04-08.pdf (643 Ko) - téléchargé (0.6 Mo)
[2026-09-04 23:39:30] OK - cm-2020-05-27.pdf (821 Ko) - téléchargé (0.8 Mo)
[2026-09-04 23:39:30] OK - cm-2020-05-06.pdf (1 Mo) - téléchargé (1.2 Mo)
[2026-09-04 23:39:30] OK - cm-2020-04-01.pdf (400 Ko) - téléchargé (0.4 Mo)
[2026-09-04 23:39:31] OK - cm-2020-03-17.pdf (487 Ko) - téléchargé (0.5 Mo)
[2026-09-04 23:39:32] OK - cm-2020-03-18.pdf (839 Ko) - téléchargé (0.8 Mo)
[2026-09-04 23:39:32] OK - cm-2020-04-15.pdf (2 Mo) - téléchargé (2.1 Mo)
[2026-09-04 23:39:33] OK - cm-2020-03-04.pdf (605 Ko) - téléchargé (0.6 Mo)
[2026-09-04 23:39:33] OK - cm-2020-02-12.pdf (825 Ko) - téléchargé (0.8 Mo)
[2026-09-04 23:39:34] OK - cm-2020-02-05.pdf (1 Mo) - téléchargé (1.4 Mo)
[2026-09-04 23:39:34] OK - cm-2020-01-22.pdf (991 Ko) - téléchargé (1.0 Mo)
[2026-09-04 23:39:35] OK - cm-2020-02-26.pdf (850 Ko) - téléchargé (0.8 Mo)
[2026-09-04 23:39:35] OK - cm-2020-02-19.pdf (830 Ko) - téléchargé (0.8 Mo)
[2026-09-04 23:39:36] OK - cm-2020-03-11.pdf (1 Mo) - téléchargé (1.2 Mo)
[2026-09-04 23:39:38] OK - cm-2019-12-24.pdf (1 Mo) - téléchargé (1.0 Mo)
[2026-09-04 23:39:38] OK - cm-2020-01-15.pdf (958 Ko) - téléchargé (0.9 Mo)
[2026-09-04 23:39:39] OK - cm-2019-11-20.pdf (313 Ko) - téléchargé (0.3 Mo)
[2026-09-04 23:39:39] OK - cm-2019-12-18.pdf (1 Mo) - téléchargé (1.1 Mo)
[2026-09-04 23:39:44] OK - cm-2019-11-13.pdf (666 Ko) - téléchargé (0.7 Mo)
[2026-09-04 23:39:45] OK - cm-2019-12-04.pdf (1 Mo) - téléchargé (1.3 Mo)
[2026-09-04 23:39:45] OK - cm-2020-01-08.pdf (1 Mo) - téléchargé (1.5 Mo)
[2026-09-04 23:39:49] OK - cm-2019-11-27.pdf (2 Mo) - téléchargé (1.6 Mo)
[2026-09-04 23:39:49] OK - cm-2019-12-11.pdf (2 Mo) - téléchargé (1.5 Mo)
[2026-09-04 23:39:50] OK - cm-2019-10-30.pdf (2 Mo) - téléchargé (1.5 Mo)
[2026-09-04 23:39:52] OK - cm-2019-11-06.pdf (3 Mo) - téléchargé (2.7 Mo)
[2026-09-04 23:39:53] OK - cm-2019-10-09.pdf (2 Mo) - téléchargé (1.7 Mo)
[2026-09-04 23:39:56] OK - cm-2019-09-11.pdf (2 Mo) - téléchargé (1.9 Mo)
[2026-09-04 23:39:56] OK - cm-2019-06-26.pdf (462 Ko) - téléchargé (0.5 Mo)
[2026-09-04 23:39:56] OK - cm-2019-10-17.pdf (2 Mo) - téléchargé (2.5 Mo)
[2026-09-04 23:39:56] OK - cm-2019-09-04.pdf (2 Mo) - téléchargé (1.8 Mo)
[2026-09-04 23:39:57] OK - cm-2019-10-02.pdf (1 Mo) - téléchargé (1.1 Mo)
[2026-09-04 23:39:57] OK - cm-2019-08-07.pdf (2 Mo) - téléchargé (1.9 Mo)
[2026-09-04 23:39:59] OK - cm-2019-07-24.pdf (2 Mo) - téléchargé (1.8 Mo)
[2026-09-04 23:40:00] OK - cm-2019-07-31.pdf (2 Mo) - téléchargé (2.2 Mo)
[2026-09-04 23:40:00] OK - cm-2019-09-25.pdf (3 Mo) - téléchargé (3.1 Mo)
[2026-09-04 23:40:01] OK - cm-2019-07-03.pdf (2 Mo) - téléchargé (1.6 Mo)
[2026-09-04 23:40:01] OK - cm-2019-06-19.pdf (1 Mo) - téléchargé (1.2 Mo)
[2026-09-04 23:40:03] OK - cm-2019-07-17.pdf (2 Mo) - téléchargé (1.6 Mo)
[2026-09-04 23:40:03] OK - cm-2019-06-13.pdf (491 Ko) - téléchargé (0.5 Mo)
[2026-09-04 23:40:03] OK - cm-2019-05-15.pdf (601 Ko) - téléchargé (0.6 Mo)
[2026-09-04 23:40:03] OK - cm-2019-04-24.pdf (453 Ko) - téléchargé (0.4 Mo)
[2026-09-04 23:40:03] OK - cm-2019-05-08.pdf (1 Mo) - téléchargé (1.1 Mo)
[2026-09-04 23:40:04] OK - cm-2019-04-17.pdf (978 Ko) - téléchargé (1.0 Mo)
[2026-09-04 23:40:04] OK - cm-2019-05-22.pdf (1 Mo) - téléchargé (1.0 Mo)
[2026-09-04 23:40:06] OK - cm-2019-05-02.pdf (2 Mo) - téléchargé (1.6 Mo)
[2026-09-04 23:40:06] OK - cm-2019-03-20.pdf (416 Ko) - téléchargé (0.4 Mo)
[2026-09-04 23:40:07] OK - cm-2019-04-03.pdf (1 Mo) - téléchargé (1.1 Mo)
[2026-09-04 23:40:07] OK - cm-2019-05-29.pdf (2 Mo) - téléchargé (2.4 Mo)
[2026-09-04 23:40:08] OK - cm-2019-03-27.pdf (1 Mo) - téléchargé (1.5 Mo)
[2026-09-04 23:40:08] OK - cm-2019-02-13.pdf (770 Ko) - téléchargé (0.8 Mo)
[2026-09-04 23:40:08] OK - cm-2019-03-13.pdf (720 Ko) - téléchargé (0.7 Mo)
[2026-09-04 23:40:08] OK - cm-2019-04-10.pdf (1 Mo) - téléchargé (1.5 Mo)
[2026-09-04 23:40:09] OK - cm-2019-03-06.pdf (806 Ko) - téléchargé (0.8 Mo)
[2026-09-04 23:40:10] OK - cm-2019-02-06.pdf (871 Ko) - téléchargé (0.9 Mo)
[2026-09-04 23:40:12] OK - cm-2019-02-27.pdf (1 Mo) - téléchargé (1.1 Mo)
[2026-09-04 23:40:13] OK - cm-2018-12-19.pdf (1 Mo) - téléchargé (1.1 Mo)
[2026-09-04 23:40:14] OK - cm-2019-01-23.pdf (920 Ko) - téléchargé (0.9 Mo)
[2026-09-04 23:40:15] OK - cm-2019-02-20.pdf (3 Mo) - téléchargé (2.7 Mo)
[2026-09-04 23:40:15] OK - cm-2019-01-09.pdf (2 Mo) - téléchargé (1.6 Mo)
[2026-09-04 23:40:15] OK - cm-2019-01-16.pdf (2 Mo) - téléchargé (1.6 Mo)
[2026-09-04 23:40:15] OK - cm-2019-01-30.pdf (3 Mo) - téléchargé (2.6 Mo)
[2026-09-04 23:40:17] OK - cm-2018-10-17.pdf (860 Ko) - téléchargé (0.8 Mo)
[2026-09-04 23:40:17] OK - cm-2018-11-28.pdf (2 Mo) - téléchargé (1.8 Mo)
[2026-09-04 23:40:18] OK - cm-2018-12-12.pdf (2 Mo) - téléchargé (2.4 Mo)
[2026-09-04 23:40:19] OK - cm-2018-11-14.pdf (2 Mo) - téléchargé (1.9 Mo)
[2026-09-04 23:40:19] OK - cm-2018-11-06.pdf (862 Ko) - téléchargé (0.8 Mo)
[2026-09-04 23:40:20] OK - cm-2018-10-24.pdf (2 Mo) - téléchargé (2.3 Mo)
[2026-09-04 23:40:20] OK - cm-2018-10-03.pdf (1 Mo) - téléchargé (1.1 Mo)
[2026-09-04 23:40:20] OK - cm-2018-10-31.pdf (1 Mo) - téléchargé (1.1 Mo)
[2026-09-04 23:40:22] OK - cm-2018-10-10.pdf (3 Mo) - téléchargé (2.7 Mo)
[2026-09-04 23:40:23] OK - cm-2018-08-29.pdf (2 Mo) - téléchargé (1.6 Mo)
[2026-09-04 23:40:23] OK - cm-2018-09-13.pdf (2 Mo) - téléchargé (1.9 Mo)
[2026-09-04 23:40:24] OK - cm-2018-09-19.pdf (2 Mo) - téléchargé (2.4 Mo)
[2026-09-04 23:40:25] OK - cm-2018-06-20.pdf (899 Ko) - téléchargé (0.9 Mo)
[2026-09-04 23:40:35] OK - cm-2018-06-27.pdf (2 Mo) - téléchargé (1.8 Mo)
[2026-09-04 23:40:35] OK - cm-2018-08-22.pdf (2 Mo) - téléchargé (2.3 Mo)
[2026-09-04 23:40:35] OK - cm-2018-05-24.pdf (864 Ko) - téléchargé (0.8 Mo)
[2026-09-04 23:40:36] OK - cm-2018-07-04.pdf (3 Mo) - téléchargé (2.6 Mo)
[2026-09-04 23:40:37] OK - cm-2018-06-13.pdf (3 Mo) - téléchargé (2.6 Mo)
[2026-09-04 23:40:37] OK - cm-2018-05-02.pdf (2 Mo) - téléchargé (1.6 Mo)
[2026-09-04 23:40:38] OK - cm-2018-06-06.pdf (3 Mo) - téléchargé (2.8 Mo)
[2026-09-04 23:40:38] OK - cm-2018-07-11.pdf (2 Mo) - téléchargé (2.4 Mo)
[2026-09-04 23:40:38] OK - cm-2018-07-25.pdf (4 Mo) - téléchargé (4.3 Mo)
[2026-09-04 23:40:39] OK - cm-2018-03-28.pdf (2 Mo) - téléchargé (1.7 Mo)
[2026-09-04 23:40:39] OK - cm-2018-04-25.pdf (2 Mo) - téléchargé (1.9 Mo)
[2026-09-04 23:40:41] OK - cm-2018-04-18.pdf (3 Mo) - téléchargé (3.1 Mo)
[2026-09-04 23:40:41] OK - cm-2018-04-11.pdf (3 Mo) - téléchargé (2.7 Mo)
[2026-09-04 23:40:42] OK - cm-2018-03-21.pdf (2 Mo) - téléchargé (2.5 Mo)
[2026-09-04 23:40:42] OK - cm-2018-02-21.pdf (1 Mo) - téléchargé (1.5 Mo)
[2026-09-04 23:40:45] OK - cm-2018-05-16.pdf (3 Mo) - téléchargé (3.5 Mo)
[2026-09-04 23:40:51] OK - cm-2018-01-17.pdf (460 Ko) - téléchargé (0.4 Mo)
[2026-09-04 23:40:51] OK - cm-2018-03-14.pdf (3 Mo) - téléchargé (3.1 Mo)
[2026-09-04 23:40:52] OK - cm-2018-02-28.pdf (3 Mo) - téléchargé (3.2 Mo)
[2026-09-04 23:40:52] OK - cm-2018-01-31.pdf (902 Ko) - téléchargé (0.9 Mo)
[2026-09-04 23:40:54] OK - cm-2018-01-24.pdf (2 Mo) - téléchargé (1.6 Mo)
[2026-09-04 23:40:54] OK - cm-2018-02-14.pdf (2 Mo) - téléchargé (2.0 Mo)
[2026-09-04 23:40:55] OK - cm-2018-01-03.pdf (1 Mo) - téléchargé (1.1 Mo)
[2026-09-04 23:40:57] OK - cm-2017-11-22.pdf (1 Mo) - téléchargé (1.1 Mo)
[2026-09-04 23:40:58] OK - cm-2017-11-29.pdf (1 Mo) - téléchargé (1.2 Mo)
[2026-09-04 23:40:58] OK - cm-2017-12-20.pdf (1 Mo) - téléchargé (1.2 Mo)
[2026-09-04 23:40:58] OK - cm-2018-02-07.pdf (5 Mo) - téléchargé (4.7 Mo)
[2026-09-04 23:40:59] OK - cm-2017-12-13.pdf (2 Mo) - téléchargé (1.7 Mo)
[2026-09-04 23:41:02] OK - cm-2018-01-11.pdf (2 Mo) - téléchargé (1.6 Mo)
[2026-09-04 23:41:02] OK - cm-2017-11-08.pdf (2 Mo) - téléchargé (1.8 Mo)
[2026-09-04 23:41:03] OK - cm-2017-11-15.pdf (2 Mo) - téléchargé (2.3 Mo)
[2026-09-04 23:41:04] OK - cm-2017-10-25.pdf (2 Mo) - téléchargé (2.0 Mo)
[2026-09-04 23:41:06] OK - cm-2017-11-02.pdf (2 Mo) - téléchargé (2.0 Mo)
[2026-09-04 23:41:06] OK - cm-2017-10-13.pdf (1 Mo) - téléchargé (1.3 Mo)
[2026-09-04 23:41:06] OK - cm-2017-08-30.pdf (2 Mo) - téléchargé (1.6 Mo)
[2026-09-04 23:41:07] OK - cm-2017-10-18.pdf (2 Mo) - téléchargé (1.6 Mo)
[2026-09-04 23:41:10] OK - cm-2017-09-06.pdf (1 Mo) - téléchargé (1.3 Mo)
[2026-09-04 23:41:11] OK - cm-2017-09-13.pdf (2 Mo) - téléchargé (1.6 Mo)
[2026-09-04 23:41:11] OK - cm-2017-09-20.pdf (2 Mo) - téléchargé (1.7 Mo)
[2026-09-04 23:41:11] OK - cm-2017-09-27.pdf (2 Mo) - téléchargé (2.1 Mo)
[2026-09-04 23:41:11] OK - cm-2017-07-26.pdf (1 Mo) - téléchargé (1.3 Mo)
[2026-09-04 23:41:12] OK - cm-2017-06-19.pdf (293 Ko) - téléchargé (0.3 Mo)
[2026-09-04 23:41:13] OK - cm-2017-08-02.pdf (4 Mo) - téléchargé (4.2 Mo)
[2026-09-04 23:41:13] OK - cm-2017-05-24.pdf (703 Ko) - téléchargé (0.7 Mo)
[2026-09-04 23:41:14] OK - cm-2017-07-19.pdf (2 Mo) - téléchargé (1.7 Mo)
[2026-09-04 23:41:16] OK - cm-2017-07-12.pdf (2 Mo) - téléchargé (1.9 Mo)
[2026-09-04 23:41:16] OK - cm-2017-05-17.pdf (950 Ko) - téléchargé (0.9 Mo)
[2026-09-04 23:41:18] OK - cm-2017-07-09.pdf (2 Mo) - téléchargé (1.7 Mo)
[2026-09-04 23:41:22] OK - cm-2017-04-12.pdf (717 Ko) - téléchargé (0.7 Mo)
[2026-09-04 23:41:24] OK - cm-2017-06-21.pdf (3 Mo) - téléchargé (2.8 Mo)
[2026-09-04 23:41:26] OK - cm-2017-05-12.pdf (2 Mo) - téléchargé (2.0 Mo)
[2026-09-04 23:41:27] OK - cm-2017-06-28.pdf (5 Mo) - téléchargé (5.1 Mo)
[2026-09-04 23:41:28] OK - cm-2017-03-08.pdf (1 Mo) - téléchargé (1.1 Mo)
[2026-09-04 23:41:29] OK - cm-2017-05-03.pdf (4 Mo) - téléchargé (3.9 Mo)
[2026-09-04 23:41:30] OK - cm-2017-04-26.pdf (1 Mo) - téléchargé (1.0 Mo)
[2026-09-04 23:41:32] OK - cm-2017-03-22.pdf (2 Mo) - téléchargé (1.9 Mo)
[2026-09-04 23:41:34] OK - cm-2017-04-06.pdf (2 Mo) - téléchargé (1.6 Mo)
[2026-09-04 23:41:36] OK - cm-2017-03-15.pdf (4 Mo) - téléchargé (3.7 Mo)
[2026-09-04 23:41:40] OK - cm-2017-02-15.pdf (3 Mo) - téléchargé (3.0 Mo)
[2026-09-04 23:41:40] OK - cm-2017-03-29.pdf (2 Mo) - téléchargé (2.2 Mo)
[2026-09-04 23:41:40] OK - cm-2017-03-01.pdf (4 Mo) - téléchargé (3.8 Mo)
[2026-09-04 23:41:41] OK - cm-2017-02-22.pdf (2 Mo) - téléchargé (2.3 Mo)
[2026-09-04 23:41:41] OK - cm-2017-02-01.pdf (2 Mo) - téléchargé (1.8 Mo)
[2026-09-04 23:41:45] OK - cm-2017-01-25.pdf (5 Mo) - téléchargé (4.9 Mo)
[2026-09-04 23:41:45] OK - cm-2017-02-08.pdf (4 Mo) - téléchargé (3.7 Mo)
[2026-09-04 23:41:47] OK - cm-2016-12-14.pdf (1 Mo) - téléchargé (1.5 Mo)
[2026-09-04 23:41:54] OK - cm-2017-01-04.pdf (3 Mo) - téléchargé (2.9 Mo)
[2026-09-04 23:41:55] OK - cm-2016-12-21.pdf (2 Mo) - téléchargé (2.2 Mo)
[2026-09-04 23:41:57] OK - cm-2016-11-25.pdf (2 Mo) - téléchargé (2.3 Mo)
[2026-09-04 23:41:58] OK - cm-2016-12-30.pdf (3 Mo) - téléchargé (3.2 Mo)
[2026-09-04 23:41:59] OK - cm-2017-01-11.pdf (4 Mo) - téléchargé (4.4 Mo)
[2026-09-04 23:42:00] OK - cm-2016-12-07.pdf (1 Mo) - téléchargé (1.4 Mo)
[2026-09-04 23:42:02] OK - cm-2016-11-09.pdf (2 Mo) - téléchargé (2.5 Mo)
[2026-09-04 23:42:06] OK - cm-2016-10-19.pdf (3 Mo) - téléchargé (3.0 Mo)
[2026-09-04 23:42:07] OK - cm-2016-09-14.pdf (2 Mo) - téléchargé (2.2 Mo)
[2026-09-04 23:42:07] OK - cm-2016-08-24.pdf (2 Mo) - téléchargé (1.6 Mo)
[2026-09-04 23:42:07] SKIP - cm-2016-04-28.pdf (4 Mo) - déjà en cours de téléchargement
[2026-09-04 23:42:08] OK - cm-2016-10-05.pdf (3 Mo) - téléchargé (2.6 Mo)
[2026-09-04 23:42:10] OK - cm-2016-10-12.pdf (3 Mo) - téléchargé (3.1 Mo)
[2026-09-04 23:42:11] OK - cm-2016-09-01.pdf (2 Mo) - téléchargé (2.0 Mo)
[2026-09-04 23:42:11] OK - cm-2016-08-11.pdf (2 Mo) - téléchargé (1.6 Mo)
[2026-09-04 23:42:15] OK - cm-2016-09-28.pdf (3 Mo) - téléchargé (3.4 Mo)
[2026-09-04 23:42:16] OK - cm-2016-11-18.pdf (3 Mo) - téléchargé (3.1 Mo)
[2026-09-04 23:42:18] OK - cm-2016-08-03.pdf (2 Mo) - téléchargé (1.7 Mo)
[2026-09-04 23:42:26] OK - cm-2016-07-07.pdf (6 Mo) - téléchargé (6.0 Mo)
[2026-09-04 23:42:27] OK - cm-2016-07-27.pdf (9 Mo) - téléchargé (9.4 Mo)
[2026-09-04 23:42:27] OK - cm-2016-07-20.pdf (5 Mo) - téléchargé (4.5 Mo)
[2026-09-04 23:42:34] OK - cm-2016-06-08.pdf (2 Mo) - téléchargé (2.1 Mo)
[2026-09-04 23:42:34] OK - cm-2016-06-29.pdf (3 Mo) - téléchargé (3.3 Mo)
[2026-09-04 23:42:36] OK - cm-2016-05-25.pdf (3 Mo) - téléchargé (3.1 Mo)
[2026-09-04 23:42:37] OK - cm-2016-06-15.pdf (7 Mo) - téléchargé (6.5 Mo)
[2026-09-04 23:42:45] OK - cm-2016-05-04.pdf (3 Mo) - téléchargé (2.8 Mo)
[2026-09-04 23:42:46] OK - cm-2016-05-11.pdf (3 Mo) - téléchargé (3.2 Mo)
[2026-09-04 23:42:47] OK - cm-2016-05-18.pdf (3 Mo) - téléchargé (3.3 Mo)
[2026-09-04 23:42:47] OK - cm-2016-04-28.pdf (3 Mo) - téléchargé (3.3 Mo)
[2026-09-04 23:42:47] OK - cm-2016-04-13.pdf (3 Mo) - téléchargé (3.4 Mo)
[2026-09-04 23:42:48] OK - cm-2016-06-22.pdf (6 Mo) - téléchargé (5.5 Mo)
[2026-09-04 23:42:48] Résumé final: 412 OK, 0 ERROR, 1 SKIP sur 413 total
[2026-09-04 23:48:54] OK - cm-2016-04-28.pdf (4 Mo) - téléchargé dans meta/doublon/
