[2026-09-05 00:13:35] OK - ordonnance-2008-02.pdf - téléchargé (0.1 Mo)
[2026-09-05 00:13:45] OK - ordonnance-2014-01.pdf - téléchargé (7.8 Mo)
[2026-09-05 00:13:51] OK - ordonnance-2014-001.pdf - téléchargé (7.8 Mo)
[2026-09-05 00:13:52] OK - ordonnance-2010-60.pdf - téléchargé (0.7 Mo)
[2026-09-05 00:13:54] OK - ordonnance-2010-060.pdf - téléchargé (0.7 Mo)
[2026-09-05 00:13:55] OK - ordonnance-2010-54.pdf - téléchargé (0.6 Mo)
[2026-09-05 00:13:57] OK - ordonnance-2010-054.pdf - téléchargé (0.6 Mo)
[2026-09-05 00:13:58] OK - ordonnance-2010-053.pdf - téléchargé (0.6 Mo)
[2026-09-05 00:14:00] OK - ordonnance-2010-53.pdf - téléchargé (0.6 Mo)
[2026-09-05 00:14:01] OK - ordonnance-2010-052.pdf - téléchargé (0.6 Mo)
[2026-09-05 00:14:03] OK - ordonnance-2010-52.pdf - téléchargé (0.6 Mo)
[2026-09-05 00:14:13] OK - ordonnance-2010-02.pdf - téléchargé (16.1 Mo)
[2026-09-05 00:14:18] OK - ordonnance-2010-3.pdf - téléchargé (7.1 Mo)
[2026-09-05 00:14:33] OK - ordonnance-2010-2.pdf - téléchargé (16.1 Mo)
[2026-09-05 00:14:38] OK - ordonnance-2010-03.pdf - téléchargé (7.1 Mo)
[2026-09-05 00:14:45] OK - ordonnance-2010-04.pdf - téléchargé (6.0 Mo)
[2026-09-05 00:14:52] OK - ordonnance-2010-1-bis.pdf - téléchargé (12.1 Mo)
[2026-09-05 00:14:56] OK - ordonnance-2010-4.pdf - téléchargé (6.0 Mo)
[2026-09-05 00:15:02] OK - ordonnance-2010-01-bis.pdf - téléchargé (12.1 Mo)
[2026-09-05 00:15:03] OK - ordonnance-2010-028.pdf - téléchargé (0.6 Mo)
[2026-09-05 00:15:03] SKIP - ordonnance-2010-028.pdf - déjà présent
[2026-09-05 00:15:05] OK - ordonnance-2010-01.pdf - téléchargé (1.7 Mo)
[2026-09-05 00:15:13] OK - ordonnance-2010-1.pdf - téléchargé (15.8 Mo)
[2026-09-05 00:15:13] SKIP - ordonnance-2010-01.pdf - déjà présent
[2026-09-05 00:15:16] OK - ordonnance-2008-6.pdf - téléchargé (1.8 Mo)
[2026-09-05 00:15:19] OK - ordonnance-2008-05.pdf - téléchargé (2.3 Mo)
[2026-09-05 00:15:21] OK - ordonnance-2008-06.pdf - téléchargé (1.8 Mo)
[2026-09-05 00:15:24] OK - ordonnance-2008-5.pdf - téléchargé (2.3 Mo)
[2026-09-05 00:15:25] OK - ordonnance-2008-01.pdf - téléchargé (0.7 Mo)
[2026-09-05 00:15:27] OK - ordonnance-2008-2.pdf - téléchargé (0.7 Mo)
[2026-09-05 00:15:28] OK - ordonnance-2008-3.pdf - téléchargé (0.7 Mo)
[2026-09-05 00:15:29] OK - ordonnance-2008-03.pdf - téléchargé (0.7 Mo)
[2026-09-05 00:15:31] OK - ordonnance-2008-4.pdf - téléchargé (1.3 Mo)
[2026-09-05 00:15:32] OK - ordonnance-2008-1.pdf - téléchargé (0.7 Mo)
[2026-09-05 00:15:34] OK - ordonnance-2008-04.pdf - téléchargé (1.3 Mo)
[2026-09-05 00:15:34] SKIP - ordonnance-2008-02.pdf - déjà présent
[2026-09-05 00:15:42] OK - ordonnance-2002-1.pdf - téléchargé (11.9 Mo)
[2026-09-05 00:15:51] OK - ordonnance-2002-2.pdf - téléchargé (6.9 Mo)
[2026-09-05 00:15:55] OK - ordonnance-2002-002.pdf - téléchargé (6.9 Mo)
[2026-09-05 00:16:03] OK - ordonnance-2002-001.pdf - téléchargé (11.9 Mo)
[2026-09-05 00:16:11] OK - ordonnance-2000-3.pdf - téléchargé (12.7 Mo)
[2026-09-05 00:16:19] OK - ordonnance-2000-03.pdf - téléchargé (12.7 Mo)
[2026-09-05 00:16:32] OK - ordonnance-2000-1.pdf - téléchargé (15.8 Mo)
[2026-09-05 00:16:33] OK - ordonnance-2000-2.pdf - téléchargé (0.8 Mo)
[2026-09-05 00:16:42] OK - ordonnance-2000-01.pdf - téléchargé (15.8 Mo)
[2026-09-05 00:16:44] OK - ordonnance-2000-02.pdf - téléchargé (0.8 Mo)
[2026-09-05 00:16:45] OK - ordonnance-1999-019.pdf - téléchargé (0.5 Mo)
[2026-09-05 00:16:46] OK - ordonnance-1999-018.pdf - téléchargé (0.5 Mo)
[2026-09-05 00:16:47] OK - ordonnance-1999-19.pdf - téléchargé (0.5 Mo)
[2026-09-05 00:16:49] OK - ordonnance-1999-18.pdf - téléchargé (0.5 Mo)
[2026-09-05 00:16:50] OK - ordonnance-1998-8.pdf - téléchargé (0.7 Mo)
[2026-09-05 00:16:51] OK - ordonnance-1998-010.pdf - téléchargé (0.6 Mo)
[2026-09-05 00:16:53] OK - ordonnance-1998-10.pdf - téléchargé (0.6 Mo)
[2026-09-05 00:16:54] OK - ordonnance-1998-08.pdf - téléchargé (0.7 Mo)
[2026-09-05 00:16:55] OK - ordonnance-1998-09.pdf - téléchargé (0.6 Mo)
[2026-09-05 00:16:57] OK - ordonnance-1998-9.pdf - téléchargé (0.6 Mo)
[2026-09-05 00:16:58] OK - ordonnance-1998-07.pdf - téléchargé (0.5 Mo)
[2026-09-05 00:17:00] OK - ordonnance-1998-7.pdf - téléchargé (0.5 Mo)
[2026-09-05 00:17:01] OK - ordonnance-1997-30.pdf - téléchargé (0.6 Mo)
[2026-09-05 00:17:03] OK - ordonnance-1997-28.pdf - téléchargé (0.6 Mo)
[2026-09-05 00:17:05] OK - ordonnance-1997-23.pdf - téléchargé (0.7 Mo)
[2026-09-05 00:17:06] OK - ordonnance-1997-24.pdf - téléchargé (0.7 Mo)
[2026-09-05 00:17:07] OK - ordonnance-1997-20.pdf - téléchargé (0.6 Mo)
[2026-09-05 00:17:08] OK - ordonnance-1997-22.pdf - téléchargé (0.6 Mo)
[2026-09-05 00:17:10] OK - ordonnance-1997-21.pdf - téléchargé (0.6 Mo)
[2026-09-05 00:17:11] OK - ordonnance-1997-17.pdf - téléchargé (0.6 Mo)
[2026-09-05 00:17:12] OK - ordonnance-1997-19.pdf - téléchargé (0.6 Mo)
[2026-09-05 00:17:13] OK - ordonnance-1997-18.pdf - téléchargé (0.5 Mo)
[2026-09-05 00:17:15] OK - ordonnance-1997-15.pdf - téléchargé (0.5 Mo)
[2026-09-05 00:17:16] OK - ordonnance-1997-16.pdf - téléchargé (0.5 Mo)
[2026-09-05 00:17:17] OK - ordonnance-1997-14.pdf - téléchargé (0.5 Mo)
[2026-09-05 00:17:19] OK - ordonnance-1997-12.pdf - téléchargé (0.7 Mo)
[2026-09-05 00:17:20] OK - ordonnance-1997-11.pdf - téléchargé (0.7 Mo)
[2026-09-05 00:17:22] OK - ordonnance-1997-10.pdf - téléchargé (0.6 Mo)
[2026-09-05 00:17:23] OK - ordonnance-1997-002.pdf - téléchargé (0.5 Mo)
[2026-09-05 00:17:24] OK - ordonnance-1997-02.pdf - téléchargé (0.5 Mo)
[2026-09-05 00:17:26] OK - ordonnance-1996-31.pdf - téléchargé (0.8 Mo)
[2026-09-05 00:17:27] OK - ordonnance-1996-30.pdf - téléchargé (0.5 Mo)
[2026-09-05 00:17:28] OK - ordonnance-1996-26.pdf - téléchargé (0.6 Mo)
[2026-09-05 00:17:30] OK - ordonnance-1996-25.pdf - téléchargé (0.6 Mo)
[2026-09-05 00:17:32] OK - ordonnance-1996-29.pdf - téléchargé (0.5 Mo)
[2026-09-05 00:17:33] OK - ordonnance-1996-28.pdf - téléchargé (0.6 Mo)
[2026-09-05 00:17:35] OK - ordonnance-1996-27.pdf - téléchargé (0.6 Mo)
[2026-09-05 00:17:36] OK - ordonnance-1996-24.pdf - téléchargé (0.5 Mo)
[2026-09-05 00:17:38] OK - ordonnance-1996-22.pdf - téléchargé (1.5 Mo)
[2026-09-05 00:17:40] OK - ordonnance-1996-23.pdf - téléchargé (0.7 Mo)
[2026-09-05 00:17:41] OK - ordonnance-1996-21.pdf - téléchargé (0.5 Mo)
[2026-09-05 00:17:42] OK - ordonnance-1996-19.pdf - téléchargé (0.5 Mo)
[2026-09-05 00:17:44] OK - ordonnance-1996-18.pdf - téléchargé (0.5 Mo)
[2026-09-05 00:17:45] OK - ordonnance-1996-10.pdf - téléchargé (0.6 Mo)
[2026-09-05 00:17:46] OK - ordonnance-1996-09.pdf - téléchargé (0.6 Mo)
[2026-09-05 00:17:48] OK - ordonnance-1996-07.pdf - téléchargé (0.6 Mo)
[2026-09-05 00:17:49] OK - ordonnance-1996-02-bis.pdf - téléchargé (0.6 Mo)
[2026-09-05 00:17:51] OK - ordonnance-1996-03-bis.pdf - téléchargé (0.6 Mo)
[2026-09-05 00:17:52] OK - ordonnance-1996-04-bis.pdf - téléchargé (0.6 Mo)
[2026-09-05 00:17:54] OK - ordonnance-1996-06.pdf - téléchargé (0.6 Mo)
[2026-09-05 00:17:55] OK - ordonnance-1996-05.pdf - téléchargé (0.6 Mo)
[2026-09-05 00:17:56] OK - ordonnance-1996-08.pdf - téléchargé (0.5 Mo)
[2026-09-05 00:17:58] OK - ordonnance-1996-01-bis.pdf - téléchargé (0.9 Mo)
[2026-09-05 00:18:06] OK - ordonnance-1996-02.pdf - téléchargé (8.5 Mo)
[2026-09-05 00:18:06] SKIP - ordonnance-1996-02.pdf - déjà présent
[2026-09-05 00:18:07] OK - ordonnance-1996-03.pdf - téléchargé (1.1 Mo)
[2026-09-05 00:18:10] OK - ordonnance-1996-01.pdf - téléchargé (2.7 Mo)
[2026-09-05 00:18:11] OK - ordonnance-1994-11.pdf - téléchargé (0.3 Mo)
[2026-09-05 00:18:12] OK - ordonnance-1994-12.pdf - téléchargé (0.0 Mo)
[2026-09-05 00:18:13] OK - ordonnance-1994-010.pdf - téléchargé (0.3 Mo)
[2026-09-05 00:18:22] OK - ordonnance-1994-001.pdf - téléchargé (11.3 Mo)
[2026-09-05 00:18:23] OK - ordonnance-1994-008.pdf - téléchargé (0.5 Mo)
[2026-09-05 00:18:24] OK - ordonnance-1994-09.pdf - téléchargé (0.0 Mo)
[2026-09-05 00:18:24] OK - ordonnance-1994-009.pdf - téléchargé (0.0 Mo)
[2026-09-05 00:18:31] OK - ordonnance-1994-002.pdf - téléchargé (8.7 Mo)
[2026-09-05 00:18:33] OK - ordonnance-1994-005.pdf - téléchargé (0.5 Mo)
[2026-09-05 00:18:34] OK - ordonnance-1994-006.pdf - téléchargé (0.4 Mo)
[2026-09-05 00:18:35] OK - ordonnance-1993-14.pdf - téléchargé (0.5 Mo)
[2026-09-05 00:18:36] OK - ordonnance-1993-13.pdf - téléchargé (0.5 Mo)
[2026-09-05 00:18:38] OK - ordonnance-1993-12.pdf - téléchargé (0.5 Mo)
[2026-09-05 00:18:40] OK - ordonnance-1993-10.pdf - téléchargé (2.8 Mo)
[2026-09-05 00:18:41] OK - ordonnance-1993-09.pdf - téléchargé (0.6 Mo)
[2026-09-05 00:18:43] OK - ordonnance-1993-08.pdf - téléchargé (0.5 Mo)
[2026-09-05 00:18:44] OK - ordonnance-1993-06.pdf - téléchargé (0.3 Mo)
[2026-09-05 00:18:45] OK - ordonnance-1992-02.pdf - téléchargé (0.4 Mo)
[2026-09-05 00:18:46] OK - ordonnance-1993-05.pdf - téléchargé (0.3 Mo)
[2026-09-05 00:18:47] OK - ordonnance-1993-04.pdf - téléchargé (0.4 Mo)
[2026-09-05 00:18:48] OK - ordonnance-1993-03.pdf - téléchargé (0.5 Mo)
[2026-09-05 00:18:49] OK - ordonnance-1993-02.pdf - téléchargé (0.2 Mo)
[2026-09-05 00:18:51] OK - ordonnance-1993-01.pdf - téléchargé (0.4 Mo)
[2026-09-05 00:18:52] OK - ordonnance-1992-28.pdf - téléchargé (0.7 Mo)
[2026-09-05 00:18:55] OK - ordonnance-1992-27.pdf - téléchargé (0.3 Mo)
[2026-09-05 00:18:57] OK - ordonnance-1992-24.pdf - téléchargé (0.6 Mo)
[2026-09-05 00:18:59] OK - ordonnance-1992-25.pdf - téléchargé (0.6 Mo)
[2026-09-05 00:19:02] OK - ordonnance-1992-26.pdf - téléchargé (0.4 Mo)
[2026-09-05 00:19:06] OK - ordonnance-1992-20.pdf - téléchargé (0.3 Mo)
[2026-09-05 00:19:12] OK - ordonnance-1992-17.pdf - téléchargé (2.3 Mo)
[2026-09-05 00:19:13] OK - ordonnance-1992-19.pdf - téléchargé (0.3 Mo)
[2026-09-05 00:19:15] OK - ordonnance-1992-18.pdf - téléchargé (0.3 Mo)
[2026-09-05 00:19:17] OK - ordonnance-1992-16.pdf - téléchargé (0.4 Mo)
[2026-09-05 00:19:18] OK - ordonnance-1992-15.pdf - téléchargé (0.4 Mo)
[2026-09-05 00:19:20] OK - ordonnance-1992-13.pdf - téléchargé (0.3 Mo)
[2026-09-05 00:19:21] OK - ordonnance-1992-14.pdf - téléchargé (0.3 Mo)
[2026-09-05 00:19:23] OK - ordonnance-1992-11.pdf - téléchargé (0.5 Mo)
[2026-09-05 00:19:23] SKIP - ordonnance-1992-11.pdf - déjà présent
[2026-09-05 00:19:24] OK - ordonnance-1992-10.pdf - téléchargé (0.4 Mo)
[2026-09-05 00:19:26] OK - ordonnance-1992-09.pdf - téléchargé (0.7 Mo)
[2026-09-05 00:19:27] OK - ordonnance-1992-07.pdf - téléchargé (0.6 Mo)
[2026-09-05 00:19:29] OK - ordonnance-1992-08.pdf - téléchargé (0.5 Mo)
[2026-09-05 00:19:30] OK - ordonnance-1992-04.pdf - téléchargé (0.4 Mo)
[2026-09-05 00:19:31] OK - ordonnance-1992-03.pdf - téléchargé (0.4 Mo)
[2026-09-05 00:19:33] OK - ordonnance-1992-01.pdf - téléchargé (0.6 Mo)
[2026-09-05 00:19:34] OK - ordonnance-1991-12.pdf - téléchargé (0.4 Mo)
[2026-09-05 00:19:36] OK - ordonnance-1991-10.pdf - téléchargé (0.9 Mo)
[2026-09-05 00:19:38] OK - ordonnance-1991-08.pdf - téléchargé (4.1 Mo)
[2026-09-05 00:19:40] OK - ordonnance-1991-07.pdf - téléchargé (0.5 Mo)
[2026-09-05 00:19:41] OK - ordonnance-1991-05.pdf - téléchargé (0.4 Mo)
[2026-09-05 00:19:42] OK - ordonnance-1991-04.pdf - téléchargé (0.3 Mo)
[2026-09-05 00:19:44] OK - ordonnance-1991-03.pdf - téléchargé (0.3 Mo)
[2026-09-05 00:19:45] OK - ordonnance-1991-02.pdf - téléchargé (0.3 Mo)
[2026-09-05 00:19:47] OK - ordonnance-1991-001.pdf - téléchargé (0.4 Mo)
[2026-09-05 00:19:48] OK - ordonnance-1990-15.pdf - téléchargé (1.0 Mo)
[2026-09-05 00:19:50] OK - ordonnance-1990-13.pdf - téléchargé (0.3 Mo)
[2026-09-05 00:19:51] OK - ordonnance-1990-14.pdf - téléchargé (0.4 Mo)
[2026-09-05 00:19:52] OK - ordonnance-1990-08.pdf - téléchargé (0.4 Mo)
[2026-09-05 00:19:54] OK - ordonnance-1990-12.pdf - téléchargé (0.3 Mo)
[2026-09-05 00:19:55] OK - ordonnance-1990-11.pdf - téléchargé (0.3 Mo)
[2026-09-05 00:19:56] OK - ordonnance-1990-8.pdf - téléchargé (0.4 Mo)
[2026-09-05 00:19:58] OK - ordonnance-1990-10.pdf - téléchargé (0.3 Mo)
[2026-09-05 00:19:59] OK - ordonnance-1990-07.pdf - téléchargé (0.3 Mo)
[2026-09-05 00:20:00] OK - ordonnance-1990-7.pdf - téléchargé (0.3 Mo)
[2026-09-05 00:20:01] OK - ordonnance-1990-6.pdf - téléchargé (0.4 Mo)
[2026-09-05 00:20:02] OK - ordonnance-1990-05.pdf - téléchargé (0.3 Mo)
[2026-09-05 00:20:03] OK - ordonnance-1990-09.pdf - téléchargé (0.3 Mo)
[2026-09-05 00:20:05] OK - ordonnance-1990-06.pdf - téléchargé (0.4 Mo)
[2026-09-05 00:20:06] OK - ordonnance-1990-02.pdf - téléchargé (0.3 Mo)
[2026-09-05 00:20:07] OK - ordonnance-1990-4-bis.pdf - téléchargé (0.3 Mo)
[2026-09-05 00:20:08] OK - ordonnance-1990-9.pdf - téléchargé (0.3 Mo)
[2026-09-05 00:20:09] OK - ordonnance-1990-001-bis.pdf - téléchargé (0.4 Mo)
[2026-09-05 00:20:11] OK - ordonnance-1990-001.pdf - téléchargé (0.4 Mo)
[2026-09-05 00:20:12] OK - ordonnance-1990-002.pdf - téléchargé (0.3 Mo)
[2026-09-05 00:20:13] OK - ordonnance-1990-3.pdf - téléchargé (0.3 Mo)
[2026-09-05 00:20:15] OK - ordonnance-1990-4.pdf - téléchargé (1.1 Mo)
[2026-09-05 00:20:16] OK - ordonnance-1980-3.pdf - téléchargé (0.2 Mo)
[2026-09-05 00:20:17] OK - ordonnance-1980-7.pdf - téléchargé (1.2 Mo)
[2026-09-05 00:20:18] OK - ordonnance-1980-10.pdf - téléchargé (0.4 Mo)
[2026-09-05 00:20:19] OK - ordonnance-1980-9.pdf - téléchargé (0.2 Mo)
[2026-09-05 00:20:19] SKIP - ordonnance-1980-3.pdf - déjà présent
[2026-09-05 00:20:20] OK - ordonnance-1980-4.pdf - téléchargé (0.2 Mo)
[2026-09-05 00:20:21] OK - ordonnance-1980-6.pdf - téléchargé (0.3 Mo)
[2026-09-05 00:20:22] OK - ordonnance-1980-5.pdf - téléchargé (0.1 Mo)
[2026-09-05 00:20:23] OK - ordonnance-1980-01.pdf - téléchargé (0.1 Mo)
[2026-09-05 00:20:25] OK - ordonnance-1980-2.pdf - téléchargé (1.2 Mo)
[2026-09-05 00:20:26] OK - ordonnance-1980-1.pdf - téléchargé (0.1 Mo)
[2026-09-05 00:20:27] OK - ordonnance-1979-59.pdf - téléchargé (0.1 Mo)
[2026-09-05 00:20:28] OK - ordonnance-1979-58.pdf - téléchargé (0.5 Mo)
[2026-09-05 00:20:29] OK - ordonnance-1979-60.pdf - téléchargé (0.3 Mo)
[2026-09-05 00:20:30] OK - ordonnance-1979-56.pdf - téléchargé (0.5 Mo)
[2026-09-05 00:20:31] OK - ordonnance-1979-57.pdf - téléchargé (0.1 Mo)
[2026-09-05 00:20:32] OK - ordonnance-1979-54.pdf - téléchargé (0.2 Mo)
[2026-09-05 00:20:34] OK - ordonnance-1979-55.pdf - téléchargé (2.0 Mo)
[2026-09-05 00:20:35] OK - ordonnance-1979-53.pdf - téléchargé (0.1 Mo)
[2026-09-05 00:20:36] OK - ordonnance-1979-52.pdf - téléchargé (0.1 Mo)
[2026-09-05 00:20:37] OK - ordonnance-1979-51.pdf - téléchargé (0.1 Mo)
[2026-09-05 00:20:38] OK - ordonnance-1979-50.pdf - téléchargé (0.2 Mo)
[2026-09-05 00:20:39] OK - ordonnance-1979-49.pdf - téléchargé (0.1 Mo)
[2026-09-05 00:20:39] OK - ordonnance-1979-48.pdf - téléchargé (0.1 Mo)
[2026-09-05 00:20:41] OK - ordonnance-1979-47.pdf - téléchargé (0.4 Mo)
[2026-09-05 00:20:42] OK - ordonnance-1979-46.pdf - téléchargé (0.1 Mo)
[2026-09-05 00:20:43] OK - ordonnance-1979-44.pdf - téléchargé (0.4 Mo)
[2026-09-05 00:20:44] OK - ordonnance-1979-45.pdf - téléchargé (0.4 Mo)
[2026-09-05 00:20:45] OK - ordonnance-1979-41.pdf - téléchargé (0.1 Mo)
[2026-09-05 00:20:46] OK - ordonnance-1979-38.pdf - téléchargé (0.2 Mo)
[2026-09-05 00:20:47] OK - ordonnance-1979-43.pdf - téléchargé (0.1 Mo)
[2026-09-05 00:20:48] OK - ordonnance-1979-39.pdf - téléchargé (0.2 Mo)
[2026-09-05 00:20:49] OK - ordonnance-1979-42.pdf - téléchargé (0.2 Mo)
[2026-09-05 00:20:50] OK - ordonnance-1979-40.pdf - téléchargé (0.2 Mo)
[2026-09-05 00:20:51] OK - ordonnance-1979-37.pdf - téléchargé (0.2 Mo)
[2026-09-05 00:20:52] OK - ordonnance-1979-36.pdf - téléchargé (0.2 Mo)
[2026-09-05 00:20:53] OK - ordonnance-1979-33.pdf - téléchargé (0.1 Mo)
[2026-09-05 00:20:54] OK - ordonnance-1979-35.pdf - téléchargé (0.2 Mo)
[2026-09-05 00:20:55] OK - ordonnance-1979-34.pdf - téléchargé (0.5 Mo)
[2026-09-05 00:20:56] OK - ordonnance-1979-32.pdf - téléchargé (0.1 Mo)
[2026-09-05 00:20:58] OK - ordonnance-1979-31.pdf - téléchargé (2.1 Mo)
[2026-09-05 00:20:59] OK - ordonnance-1979-30.pdf - téléchargé (0.1 Mo)
[2026-09-05 00:21:01] OK - ordonnance-1979-27.pdf - téléchargé (0.3 Mo)
[2026-09-05 00:21:02] OK - ordonnance-1979-25.pdf - téléchargé (1.0 Mo)
[2026-09-05 00:21:03] OK - ordonnance-1979-28.pdf - téléchargé (0.2 Mo)
[2026-09-05 00:21:04] OK - ordonnance-1979-26.pdf - téléchargé (0.4 Mo)
[2026-09-05 00:21:05] OK - ordonnance-1979-24.pdf - téléchargé (0.1 Mo)
[2026-09-05 00:21:06] OK - ordonnance-1979-23.pdf - téléchargé (0.2 Mo)
[2026-09-05 00:21:08] OK - ordonnance-1979-22.pdf - téléchargé (1.2 Mo)
[2026-09-05 00:21:09] OK - ordonnance-1979-21.pdf - téléchargé (0.1 Mo)
[2026-09-05 00:21:10] OK - ordonnance-1979-20.pdf - téléchargé (0.1 Mo)
[2026-09-05 00:21:11] OK - ordonnance-1979-16.pdf - téléchargé (0.2 Mo)
[2026-09-05 00:21:12] OK - ordonnance-1979-17.pdf - téléchargé (0.3 Mo)
[2026-09-05 00:21:13] OK - ordonnance-1979-18.pdf - téléchargé (0.2 Mo)
[2026-09-05 00:21:14] OK - ordonnance-1979-15.pdf - téléchargé (0.1 Mo)
[2026-09-05 00:21:15] OK - ordonnance-1979-13.pdf - téléchargé (0.1 Mo)
[2026-09-05 00:21:15] OK - ordonnance-1979-12.pdf - téléchargé (0.1 Mo)
[2026-09-05 00:21:17] OK - ordonnance-1979-14.pdf - téléchargé (0.7 Mo)
[2026-09-05 00:21:18] OK - ordonnance-1979-11.pdf - téléchargé (0.6 Mo)
[2026-09-05 00:21:19] OK - ordonnance-1979-10.pdf - téléchargé (0.1 Mo)
[2026-09-05 00:21:20] OK - ordonnance-1979-6.pdf - téléchargé (0.2 Mo)
[2026-09-05 00:21:21] OK - ordonnance-1979-8.pdf - téléchargé (0.1 Mo)
[2026-09-05 00:21:21] SKIP - ordonnance-1979-6.pdf - déjà présent
[2026-09-05 00:21:22] OK - ordonnance-1979-7.pdf - téléchargé (0.1 Mo)
[2026-09-05 00:21:23] OK - ordonnance-1979-2.pdf - téléchargé (0.1 Mo)
[2026-09-05 00:21:24] OK - ordonnance-1979-3.pdf - téléchargé (0.1 Mo)
[2026-09-05 00:21:25] OK - ordonnance-1979-4.pdf - téléchargé (0.3 Mo)
[2026-09-05 00:21:26] OK - ordonnance-1979-5.pdf - téléchargé (0.2 Mo)
[2026-09-05 00:21:27] OK - ordonnance-1979-1.pdf - téléchargé (0.3 Mo)
[2026-09-05 00:21:30] OK - ordonnance-1978-45.pdf - téléchargé (3.6 Mo)
[2026-09-05 00:21:41] OK - ordonnance-1978-46.pdf - téléchargé (21.6 Mo)
[2026-09-05 00:21:42] OK - ordonnance-1978-44.pdf - téléchargé (0.5 Mo)
[2026-09-05 00:21:43] OK - ordonnance-1978-42.pdf - téléchargé (0.6 Mo)
[2026-09-05 00:21:48] OK - ordonnance-1978-43.pdf - téléchargé (5.0 Mo)
[2026-09-05 00:21:57] OK - ordonnance-1978-41.pdf - téléchargé (12.1 Mo)
[2026-09-05 00:21:59] OK - ordonnance-1978-40.pdf - téléchargé (1.9 Mo)
[2026-09-05 00:22:01] OK - ordonnance-1978-38.pdf - téléchargé (0.6 Mo)
[2026-09-05 00:22:09] OK - ordonnance-1978-39.pdf - téléchargé (12.2 Mo)
[2026-09-05 00:22:12] OK - ordonnance-1978-36.pdf - téléchargé (3.8 Mo)
[2026-09-05 00:22:13] OK - ordonnance-1978-35.pdf - téléchargé (0.6 Mo)
[2026-09-05 00:22:15] OK - ordonnance-1978-34.pdf - téléchargé (0.8 Mo)
[2026-09-05 00:22:15] SKIP - ordonnance-1978-34.pdf - déjà présent
[2026-09-05 00:22:16] OK - ordonnance-1978-33.pdf - téléchargé (0.4 Mo)
[2026-09-05 00:22:17] OK - ordonnance-1978-32.pdf - téléchargé (0.8 Mo)
[2026-09-05 00:22:25] OK - ordonnance-1978-31.pdf - téléchargé (11.5 Mo)
[2026-09-05 00:22:30] OK - ordonnance-1978-30.pdf - téléchargé (7.3 Mo)
[2026-09-05 00:22:33] OK - ordonnance-1978-28.pdf - téléchargé (3.7 Mo)
[2026-09-05 00:22:36] OK - ordonnance-1978-26.pdf - téléchargé (4.1 Mo)
[2026-09-05 00:22:37] OK - ordonnance-1978-25.pdf - téléchargé (0.7 Mo)
[2026-09-05 00:22:41] OK - ordonnance-1978-27.pdf - téléchargé (4.3 Mo)
[2026-09-05 00:22:46] OK - ordonnance-1978-29.pdf - téléchargé (5.3 Mo)
[2026-09-05 00:22:47] OK - ordonnance-1978-24.pdf - téléchargé (0.7 Mo)
[2026-09-05 00:22:52] OK - ordonnance-1978-23.pdf - téléchargé (4.7 Mo)
[2026-09-05 00:22:57] OK - ordonnance-1978-22.pdf - téléchargé (5.8 Mo)
[2026-09-05 00:22:58] OK - ordonnance-1978-21.pdf - téléchargé (0.6 Mo)
[2026-09-05 00:23:04] OK - ordonnance-1978-19.pdf - téléchargé (8.0 Mo)
[2026-09-05 00:23:08] OK - ordonnance-1978-20.pdf - téléchargé (7.0 Mo)
[2026-09-05 00:23:12] OK - ordonnance-1978-18.pdf - téléchargé (5.1 Mo)
[2026-09-05 00:23:14] OK - ordonnance-1978-17.pdf - téléchargé (0.4 Mo)
[2026-09-05 00:23:17] OK - ordonnance-1978-15.pdf - téléchargé (3.6 Mo)
[2026-09-05 00:23:19] OK - ordonnance-1978-16.pdf - téléchargé (3.4 Mo)
[2026-09-05 00:23:20] OK - ordonnance-1978-14.pdf - téléchargé (0.5 Mo)
[2026-09-05 00:23:22] OK - ordonnance-1978-13.pdf - téléchargé (0.7 Mo)
[2026-09-05 00:23:24] OK - ordonnance-1978-12.pdf - téléchargé (1.8 Mo)
[2026-09-05 00:23:32] OK - ordonnance-1978-11.pdf - téléchargé (12.9 Mo)
[2026-09-05 00:23:35] OK - ordonnance-1978-9.pdf - téléchargé (1.8 Mo)
[2026-09-05 00:23:37] OK - ordonnance-1978-8.pdf - téléchargé (2.5 Mo)
[2026-09-05 00:23:40] OK - ordonnance-1978-7.pdf - téléchargé (3.4 Mo)
[2026-09-05 00:23:41] OK - ordonnance-1978-10.pdf - téléchargé (0.5 Mo)
[2026-09-05 00:23:49] OK - ordonnance-1978-6.pdf - téléchargé (11.0 Mo)
[2026-09-05 00:23:53] OK - ordonnance-1978-5.pdf - téléchargé (3.9 Mo)
[2026-09-05 00:23:55] OK - ordonnance-1978-4.pdf - téléchargé (3.1 Mo)
[2026-09-05 00:24:02] OK - ordonnance-1978-3.pdf - téléchargé (11.5 Mo)
[2026-09-05 00:24:03] OK - ordonnance-1978-1.pdf - téléchargé (0.5 Mo)
[2026-09-05 00:24:06] OK - ordonnance-1978-2.pdf - téléchargé (1.9 Mo)
[2026-09-05 00:24:07] OK - ordonnance-1977-46.pdf - téléchargé (0.5 Mo)
[2026-09-05 00:24:08] OK - ordonnance-1977-42.pdf - téléchargé (0.1 Mo)
[2026-09-05 00:24:09] OK - ordonnance-1977-43.pdf - téléchargé (0.3 Mo)
[2026-09-05 00:24:10] OK - ordonnance-1977-45.pdf - téléchargé (0.2 Mo)
[2026-09-05 00:24:12] OK - ordonnance-1977-44-bis.pdf - téléchargé (0.3 Mo)
[2026-09-05 00:24:12] OK - ordonnance-1977-41.pdf - téléchargé (0.1 Mo)
[2026-09-05 00:24:14] OK - ordonnance-1977-40.pdf - téléchargé (0.3 Mo)
[2026-09-05 00:24:15] OK - ordonnance-1977-39.pdf - téléchargé (0.7 Mo)
[2026-09-05 00:24:17] OK - ordonnance-1977-38.pdf - téléchargé (1.3 Mo)
[2026-09-05 00:24:18] OK - ordonnance-1977-35.pdf - téléchargé (0.1 Mo)
[2026-09-05 00:24:19] OK - ordonnance-1977-37.pdf - téléchargé (0.3 Mo)
[2026-09-05 00:24:20] OK - ordonnance-1977-36.pdf - téléchargé (0.1 Mo)
[2026-09-05 00:24:22] OK - ordonnance-%2077-32.pdf - téléchargé (1.8 Mo)
[2026-09-05 00:24:23] OK - ordonnance-1977-34.pdf - téléchargé (1.2 Mo)
[2026-09-05 00:24:31] OK - ordonnance-1977-32.pdf - téléchargé (15.4 Mo)
[2026-09-05 00:24:32] OK - ordonnance-1977-33.pdf - téléchargé (0.9 Mo)
[2026-09-05 00:24:33] OK - ordonnance-1977-31.pdf - téléchargé (0.0 Mo)
[2026-09-05 00:24:34] OK - ordonnance-1977-30.pdf - téléchargé (0.3 Mo)
[2026-09-05 00:24:36] OK - ordonnance-1977-29.pdf - téléchargé (1.7 Mo)
[2026-09-05 00:24:37] OK - ordonnance-1977-27.pdf - téléchargé (1.3 Mo)
[2026-09-05 00:24:38] OK - ordonnance-1977-26.pdf - téléchargé (0.2 Mo)
[2026-09-05 00:24:40] OK - ordonnance-1977-25.pdf - téléchargé (0.5 Mo)
[2026-09-05 00:24:41] OK - ordonnance-1977-24.pdf - téléchargé (0.0 Mo)
[2026-09-05 00:24:42] OK - ordonnance-1977-23.pdf - téléchargé (0.7 Mo)
[2026-09-05 00:24:43] OK - ordonnance-1977-21.pdf - téléchargé (0.2 Mo)
[2026-09-05 00:24:44] OK - ordonnance-1977-22.pdf - téléchargé (0.1 Mo)
[2026-09-05 00:24:45] OK - ordonnance-1977-19.pdf - téléchargé (0.1 Mo)
[2026-09-05 00:24:46] OK - ordonnance-1977-20.pdf - téléchargé (0.1 Mo)
[2026-09-05 00:24:47] OK - ordonnance-1977-18.pdf - téléchargé (0.4 Mo)
[2026-09-05 00:24:48] OK - ordonnance-1977-16.pdf - téléchargé (0.1 Mo)
[2026-09-05 00:24:49] OK - ordonnance-1977-15.pdf - téléchargé (0.1 Mo)
[2026-09-05 00:24:50] OK - ordonnance-1977-17.pdf - téléchargé (0.3 Mo)
[2026-09-05 00:24:51] OK - ordonnance-1977-44.pdf - téléchargé (0.1 Mo)
[2026-09-05 00:24:52] OK - ordonnance-1977-14.pdf - téléchargé (0.1 Mo)
[2026-09-05 00:24:54] OK - ordonnance-1977-13.pdf - téléchargé (1.3 Mo)
[2026-09-05 00:24:55] OK - ordonnance-1977-12.pdf - téléchargé (0.4 Mo)
[2026-09-05 00:24:56] OK - ordonnance-1977-11.pdf - téléchargé (0.0 Mo)
[2026-09-05 00:24:57] OK - ordonnance-1977-10.pdf - téléchargé (0.1 Mo)
[2026-09-05 00:24:58] OK - ordonnance-1977-8.pdf - téléchargé (0.4 Mo)
[2026-09-05 00:24:59] OK - ordonnance-1977-9.pdf - téléchargé (0.5 Mo)
[2026-09-05 00:25:00] OK - ordonnance-1977-7.pdf - téléchargé (0.1 Mo)
[2026-09-05 00:25:01] OK - ordonnance-1977-6.pdf - téléchargé (0.0 Mo)
[2026-09-05 00:25:02] OK - ordonnance-1977-5.pdf - téléchargé (0.1 Mo)
[2026-09-05 00:25:03] OK - ordonnance-1977-4.pdf - téléchargé (0.0 Mo)
[2026-09-05 00:25:04] OK - ordonnance-1977-3.pdf - téléchargé (0.4 Mo)
[2026-09-05 00:25:05] OK - ordonnance-1977-2.pdf - téléchargé (0.1 Mo)
[2026-09-05 00:25:06] OK - ordonnance-1977-1.pdf - téléchargé (0.4 Mo)
[2026-09-05 00:25:09] OK - ordonnance-1976-67.pdf - téléchargé (2.6 Mo)
[2026-09-05 00:25:11] OK - ordonnance-1976-68.pdf - téléchargé (0.8 Mo)
[2026-09-05 00:25:13] OK - ordonnance-1976-66.pdf - téléchargé (0.9 Mo)
[2026-09-05 00:25:15] OK - ordonnance-1976-65.pdf - téléchargé (0.5 Mo)
[2026-09-05 00:25:29] OK - ordonnance-1976-64.pdf - téléchargé (19.1 Mo)
[2026-09-05 00:25:29] OK - ordonnance-1976-62.pdf - téléchargé (0.1 Mo)
[2026-09-05 00:25:34] OK - ordonnance-1976-63.pdf - téléchargé (5.9 Mo)
[2026-09-05 00:25:36] OK - ordonnance-1976-61.pdf - téléchargé (0.5 Mo)
[2026-09-05 00:25:37] OK - ordonnance-1976-58.pdf - téléchargé (0.4 Mo)
[2026-09-05 00:25:38] OK - ordonnance-1976-59.pdf - téléchargé (0.4 Mo)
[2026-09-05 00:25:44] OK - ordonnance-1976-60.pdf - téléchargé (10.6 Mo)
[2026-09-05 00:25:45] OK - ordonnance-1976-57.pdf - téléchargé (0.4 Mo)
[2026-09-05 00:25:49] OK - ordonnance-1976-56.pdf - téléchargé (3.4 Mo)
[2026-09-05 00:25:53] OK - ordonnance-1976-55.pdf - téléchargé (5.5 Mo)
[2026-09-05 00:25:54] OK - ordonnance-1976-54.pdf - téléchargé (0.4 Mo)
[2026-09-05 00:25:55] OK - ordonnance-1976-52.pdf - téléchargé (0.3 Mo)
[2026-09-05 00:25:56] OK - ordonnance-1976-49.pdf - téléchargé (0.1 Mo)
[2026-09-05 00:25:57] OK - ordonnance-1976-47.pdf - téléchargé (0.4 Mo)
[2026-09-05 00:25:59] OK - ordonnance-1976-48.pdf - téléchargé (0.5 Mo)
[2026-09-05 00:26:01] OK - ordonnance-1976-50.pdf - téléchargé (1.5 Mo)
[2026-09-05 00:26:03] OK - ordonnance-1976-51.pdf - téléchargé (1.5 Mo)
[2026-09-05 00:26:04] OK - ordonnance-1976-46.pdf - téléchargé (0.4 Mo)
[2026-09-05 00:26:05] OK - ordonnance-1976-45.pdf - téléchargé (0.4 Mo)
[2026-09-05 00:26:06] OK - ordonnance-1976-44.pdf - téléchargé (0.4 Mo)
[2026-09-05 00:26:16] OK - ordonnance-1976-43.pdf - téléchargé (16.8 Mo)
[2026-09-05 00:26:18] OK - ordonnance-1976-53.pdf - téléchargé (0.4 Mo)
[2026-09-05 00:26:23] OK - ordonnance-1976-38.pdf - téléchargé (7.0 Mo)
[2026-09-05 00:26:29] OK - ordonnance-1976-40.pdf - téléchargé (5.8 Mo)
[2026-09-05 00:26:30] OK - ordonnance-1976-41.pdf - téléchargé (0.0 Mo)
[2026-09-05 00:26:35] OK - ordonnance-1976-42.pdf - téléchargé (3.1 Mo)
[2026-09-05 00:26:36] OK - ordonnance-1976-36.pdf - téléchargé (0.4 Mo)
[2026-09-05 00:26:37] OK - ordonnance-1976-37.pdf - téléchargé (0.6 Mo)
[2026-09-05 00:26:39] OK - ordonnance-1976-35.pdf - téléchargé (0.7 Mo)
[2026-09-05 00:26:42] OK - ordonnance-1976-33.pdf - téléchargé (2.3 Mo)
[2026-09-05 00:26:43] OK - ordonnance-1976-34.pdf - téléchargé (0.5 Mo)
[2026-09-05 00:26:45] OK - ordonnance-1976-39.pdf - téléchargé (2.1 Mo)
[2026-09-05 00:26:47] OK - ordonnance-1976-29.pdf - téléchargé (1.5 Mo)
[2026-09-05 00:26:49] OK - ordonnance-1976-30.pdf - téléchargé (2.1 Mo)
[2026-09-05 00:26:53] OK - ordonnance-1976-31.pdf - téléchargé (3.6 Mo)
[2026-09-05 00:26:53] OK - ordonnance-1976-32.pdf - téléchargé (0.1 Mo)
[2026-09-05 00:26:55] OK - ordonnance-1976-26.pdf - téléchargé (0.6 Mo)
[2026-09-05 00:26:59] OK - ordonnance-1976-25.pdf - téléchargé (5.9 Mo)
[2026-09-05 00:27:01] OK - ordonnance-1976-24.pdf - téléchargé (2.2 Mo)
[2026-09-05 00:27:02] OK - ordonnance-1976-27.pdf - téléchargé (0.2 Mo)
[2026-09-05 00:27:05] OK - ordonnance-1976-28.pdf - téléchargé (4.4 Mo)
[2026-09-05 00:27:11] OK - ordonnance-1976-20.pdf - téléchargé (5.7 Mo)
[2026-09-05 00:27:16] OK - ordonnance-1976-21.pdf - téléchargé (3.4 Mo)
[2026-09-05 00:27:17] OK - ordonnance-1976-22.pdf - téléchargé (0.6 Mo)
[2026-09-05 00:27:22] OK - ordonnance-1976-23.pdf - téléchargé (5.6 Mo)
[2026-09-05 00:27:24] OK - ordonnance-1976-18.pdf - téléchargé (0.5 Mo)
[2026-09-05 00:27:26] OK - ordonnance-1976-19.pdf - téléchargé (0.7 Mo)
[2026-09-05 00:27:27] OK - ordonnance-1976-17.pdf - téléchargé (0.6 Mo)
[2026-09-05 00:27:30] OK - ordonnance-1976-16.pdf - téléchargé (2.1 Mo)
[2026-09-05 00:27:33] OK - ordonnance-1976-15.pdf - téléchargé (3.1 Mo)
[2026-09-05 00:27:34] OK - ordonnance-1976-13.pdf - téléchargé (0.6 Mo)
[2026-09-05 00:27:37] OK - ordonnance-1976-14.pdf - téléchargé (2.9 Mo)
[2026-09-05 00:27:39] OK - ordonnance-1976-12.pdf - téléchargé (0.6 Mo)
[2026-09-05 00:27:40] OK - ordonnance-1976-11.pdf - téléchargé (0.8 Mo)
[2026-09-05 00:27:42] OK - ordonnance-1976-8.pdf - téléchargé (0.7 Mo)
[2026-09-05 00:27:42] SKIP - ordonnance-1976-8.pdf - déjà présent
[2026-09-05 00:27:44] OK - ordonnance-1976-10.pdf - téléchargé (0.9 Mo)
[2026-09-05 00:27:45] OK - ordonnance-1976-7.pdf - téléchargé (0.7 Mo)
[2026-09-05 00:27:48] OK - ordonnance-1976-6.pdf - téléchargé (1.3 Mo)
[2026-09-05 00:27:48] OK - ordonnance-1976-5.pdf - téléchargé (0.1 Mo)
[2026-09-05 00:27:51] OK - ordonnance-1976-4.pdf - téléchargé (1.8 Mo)
[2026-09-05 00:27:55] OK - ordonnance-1976-3.pdf - téléchargé (6.2 Mo)
[2026-09-05 00:27:56] OK - ordonnance-1976-2.pdf - téléchargé (0.1 Mo)
[2026-09-05 00:27:57] OK - ordonnance-1976-1.pdf - téléchargé (0.1 Mo)
[2026-09-05 00:27:58] OK - ordonnance-1972-56.pdf - téléchargé (0.0 Mo)
[2026-09-05 00:27:59] OK - ordonnance-1975-59.pdf - téléchargé (0.3 Mo)
[2026-09-05 00:28:00] OK - ordonnance-1975-60.pdf - téléchargé (0.1 Mo)
[2026-09-05 00:28:01] OK - ordonnance-1975-57.pdf - téléchargé (0.0 Mo)
[2026-09-05 00:28:02] OK - ordonnance-1975-61.pdf - téléchargé (0.1 Mo)
[2026-09-05 00:28:03] OK - ordonnance-1975-58.pdf - téléchargé (0.2 Mo)
[2026-09-05 00:28:04] OK - ordonnance-1975-62.pdf - téléchargé (0.1 Mo)
[2026-09-05 00:28:04] OK - ordonnance-1975-56.pdf - téléchargé (0.1 Mo)
[2026-09-05 00:28:05] OK - ordonnance-1975-54.pdf - téléchargé (0.1 Mo)
[2026-09-05 00:28:06] OK - ordonnance-1975-53.pdf - téléchargé (0.1 Mo)
[2026-09-05 00:28:07] OK - ordonnance-1975-50.pdf - téléchargé (0.1 Mo)
[2026-09-05 00:28:08] OK - ordonnance-1975-51.pdf - téléchargé (0.2 Mo)
[2026-09-05 00:28:09] OK - ordonnance-1975-52.pdf - téléchargé (0.0 Mo)
[2026-09-05 00:28:10] OK - ordonnance-1975-48.pdf - téléchargé (0.1 Mo)
[2026-09-05 00:28:10] OK - ordonnance-1975-46.pdf - téléchargé (0.1 Mo)
[2026-09-05 00:28:11] OK - ordonnance-1975-47.pdf - téléchargé (0.1 Mo)
[2026-09-05 00:28:12] OK - ordonnance-1975-49.pdf - téléchargé (0.1 Mo)
[2026-09-05 00:28:13] OK - ordonnance-1975-42.pdf - téléchargé (0.3 Mo)
[2026-09-05 00:28:14] OK - ordonnance-1975-43.pdf - téléchargé (0.3 Mo)
[2026-09-05 00:28:15] OK - ordonnance-1975-45.pdf - téléchargé (0.1 Mo)
[2026-09-05 00:28:16] OK - ordonnance-1975-44.pdf - téléchargé (0.1 Mo)
[2026-09-05 00:28:17] OK - ordonnance-1975-41.pdf - téléchargé (0.1 Mo)
[2026-09-05 00:28:18] OK - ordonnance-1975-36.pdf - téléchargé (0.0 Mo)
[2026-09-05 00:28:18] OK - ordonnance-1975-37.pdf - téléchargé (0.1 Mo)
[2026-09-05 00:28:19] OK - ordonnance-1975-38.pdf - téléchargé (0.0 Mo)
[2026-09-05 00:28:21] OK - ordonnance-1975-39.pdf - téléchargé (0.8 Mo)
[2026-09-05 00:28:22] OK - ordonnance-1975-35.pdf - téléchargé (0.3 Mo)
[2026-09-05 00:28:23] OK - ordonnance-1975-34.pdf - téléchargé (0.4 Mo)
[2026-09-05 00:28:24] OK - ordonnance-1975-31.pdf - téléchargé (0.1 Mo)
[2026-09-05 00:28:25] OK - ordonnance-1975-32.pdf - téléchargé (0.5 Mo)
[2026-09-05 00:28:26] OK - ordonnance-1975-33.pdf - téléchargé (0.1 Mo)
[2026-09-05 00:28:27] OK - ordonnance-1975-30.pdf - téléchargé (0.3 Mo)
[2026-09-05 00:28:28] OK - ordonnance-1975-29.pdf - téléchargé (0.3 Mo)
[2026-09-05 00:28:29] OK - ordonnance-1975-28.pdf - téléchargé (0.1 Mo)
[2026-09-05 00:28:31] OK - ordonnance-1975-27.pdf - téléchargé (0.4 Mo)
[2026-09-05 00:28:32] OK - ordonnance-1975-26.pdf - téléchargé (0.4 Mo)
[2026-09-05 00:28:33] OK - ordonnance-1975-25.pdf - téléchargé (0.0 Mo)
[2026-09-05 00:28:34] OK - ordonnance-1975-24.pdf - téléchargé (0.1 Mo)
[2026-09-05 00:28:35] OK - ordonnance-1975-23.pdf - téléchargé (0.2 Mo)
[2026-09-05 00:28:36] OK - ordonnance-1975-22.pdf - téléchargé (0.0 Mo)
[2026-09-05 00:28:37] OK - ordonnance-1975-21.pdf - téléchargé (0.2 Mo)
[2026-09-05 00:28:38] OK - ordonnance-1975-20.pdf - téléchargé (0.1 Mo)
[2026-09-05 00:28:39] OK - ordonnance-1975-19.pdf - téléchargé (0.1 Mo)
[2026-09-05 00:28:40] OK - ordonnance-1975-15.pdf - téléchargé (0.9 Mo)
[2026-09-05 00:28:43] OK - ordonnance-1975-16.pdf - téléchargé (0.8 Mo)
[2026-09-05 00:28:43] OK - ordonnance-1975-17.pdf - téléchargé (0.0 Mo)
[2026-09-05 00:28:45] OK - ordonnance-1975-13.pdf - téléchargé (0.7 Mo)
[2026-09-05 00:28:46] OK - ordonnance-1975-14.pdf - téléchargé (0.4 Mo)
[2026-09-05 00:28:47] OK - ordonnance-1975-12.pdf - téléchargé (0.0 Mo)
[2026-09-05 00:28:48] OK - ordonnance-1975-10.pdf - téléchargé (0.2 Mo)
[2026-09-05 00:28:49] OK - ordonnance-1975-11.pdf - téléchargé (0.1 Mo)
[2026-09-05 00:28:50] OK - ordonnance-1975-9.pdf - téléchargé (0.1 Mo)
[2026-09-05 00:28:51] OK - ordonnance-1975-8.pdf - téléchargé (0.1 Mo)
[2026-09-05 00:28:52] OK - ordonnance-1975-5.pdf - téléchargé (0.2 Mo)
[2026-09-05 00:28:53] OK - ordonnance-1975-6.pdf - téléchargé (0.3 Mo)
[2026-09-05 00:28:55] OK - ordonnance-1975-7.pdf - téléchargé (0.3 Mo)
[2026-09-05 00:28:55] OK - ordonnance-1975-4.pdf - téléchargé (0.1 Mo)
[2026-09-05 00:28:56] OK - ordonnance-1975-1.pdf - téléchargé (0.1 Mo)
[2026-09-05 00:28:57] OK - ordonnance-1975-2.pdf - téléchargé (0.1 Mo)
[2026-09-05 00:28:58] OK - ordonnance-1975-3.pdf - téléchargé (0.1 Mo)
[2026-09-05 00:28:59] OK - ordonnance-1974-85.pdf - téléchargé (0.1 Mo)
[2026-09-05 00:29:00] OK - ordonnance-1974-86.pdf - téléchargé (0.1 Mo)
[2026-09-05 00:29:01] OK - ordonnance-1974-82.pdf - téléchargé (0.1 Mo)
[2026-09-05 00:29:02] OK - ordonnance-1974-81.pdf - téléchargé (0.6 Mo)
[2026-09-05 00:29:03] OK - ordonnance-1974-83.pdf - téléchargé (0.3 Mo)
[2026-09-05 00:29:04] OK - ordonnance-1974-84.pdf - téléchargé (0.2 Mo)
[2026-09-05 00:29:05] OK - ordonnance-1974-76.pdf - téléchargé (0.0 Mo)
[2026-09-05 00:29:06] OK - ordonnance-1974-77.pdf - téléchargé (0.1 Mo)
[2026-09-05 00:29:07] OK - ordonnance-1974-78.pdf - téléchargé (0.0 Mo)
[2026-09-05 00:29:08] OK - ordonnance-1974-80.pdf - téléchargé (0.3 Mo)
[2026-09-05 00:29:09] OK - ordonnance-1974-79.pdf - téléchargé (0.0 Mo)
[2026-09-05 00:29:11] OK - ordonnance-1974-75.pdf - téléchargé (0.6 Mo)
[2026-09-05 00:29:13] OK - ordonnance-1974-72.pdf - téléchargé (0.5 Mo)
[2026-09-05 00:29:13] OK - ordonnance-1974-73.pdf - téléchargé (0.1 Mo)
[2026-09-05 00:29:14] OK - ordonnance-1974-74.pdf - téléchargé (0.1 Mo)
[2026-09-05 00:29:15] OK - ordonnance-1974-71.pdf - téléchargé (0.1 Mo)
[2026-09-05 00:29:16] OK - ordonnance-1974-70.pdf - téléchargé (0.1 Mo)
[2026-09-05 00:29:17] OK - ordonnance-1974-69.pdf - téléchargé (0.3 Mo)
[2026-09-05 00:29:18] OK - ordonnance-1974-68.pdf - téléchargé (0.3 Mo)
[2026-09-05 00:29:19] OK - ordonnance-1974-67.pdf - téléchargé (0.0 Mo)
[2026-09-05 00:29:20] OK - ordonnance-1974-66.pdf - téléchargé (0.1 Mo)
[2026-09-05 00:29:22] OK - ordonnance-1974-61.pdf - téléchargé (1.7 Mo)
[2026-09-05 00:29:24] OK - ordonnance-1974-62.pdf - téléchargé (1.6 Mo)
[2026-09-05 00:29:25] OK - ordonnance-1974-63.pdf - téléchargé (0.1 Mo)
[2026-09-05 00:29:26] OK - ordonnance-1974-64.pdf - téléchargé (0.2 Mo)
[2026-09-05 00:29:27] OK - ordonnance-1974-60.pdf - téléchargé (0.0 Mo)
[2026-09-05 00:29:28] OK - ordonnance-1974-56.pdf - téléchargé (0.1 Mo)
[2026-09-05 00:29:29] OK - ordonnance-1974-58.pdf - téléchargé (0.1 Mo)
[2026-09-05 00:29:30] OK - ordonnance-1974-57.pdf - téléchargé (0.2 Mo)
[2026-09-05 00:29:31] OK - ordonnance-1974-59.pdf - téléchargé (0.6 Mo)
[2026-09-05 00:29:32] OK - ordonnance-1974-55.pdf - téléchargé (0.2 Mo)
[2026-09-05 00:29:33] OK - ordonnance-1974-54.pdf - téléchargé (0.1 Mo)
[2026-09-05 00:29:35] OK - ordonnance-1974-53.pdf - téléchargé (0.4 Mo)
[2026-09-05 00:29:36] OK - ordonnance-1974-52.pdf - téléchargé (0.1 Mo)
[2026-09-05 00:29:37] OK - ordonnance-1974-51.pdf - téléchargé (0.2 Mo)
[2026-09-05 00:29:38] OK - ordonnance-1974-49.pdf - téléchargé (0.1 Mo)
[2026-09-05 00:29:39] OK - ordonnance-1974-50.pdf - téléchargé (0.3 Mo)
[2026-09-05 00:29:40] OK - ordonnance-1974-48.pdf - téléchargé (0.3 Mo)
[2026-09-05 00:29:41] OK - ordonnance-1974-47.pdf - téléchargé (0.1 Mo)
[2026-09-05 00:29:42] OK - ordonnance-1974-46.pdf - téléchargé (0.2 Mo)
[2026-09-05 00:29:43] OK - ordonnance-1974-44.pdf - téléchargé (0.5 Mo)
[2026-09-05 00:29:44] OK - ordonnance-1974-45.pdf - téléchargé (0.1 Mo)
[2026-09-05 00:29:45] OK - ordonnance-1974-43.pdf - téléchargé (0.1 Mo)
[2026-09-05 00:29:46] OK - ordonnance-1974-41.pdf - téléchargé (0.1 Mo)
[2026-09-05 00:29:47] OK - ordonnance-1974-42.pdf - téléchargé (0.1 Mo)
[2026-09-05 00:29:48] OK - ordonnance-1974-40.pdf - téléchargé (0.1 Mo)
[2026-09-05 00:29:50] OK - ordonnance-1974-39.pdf - téléchargé (0.5 Mo)
[2026-09-05 00:29:50] OK - ordonnance-1974-38.pdf - téléchargé (0.1 Mo)
[2026-09-05 00:29:52] OK - ordonnance-1974-37.pdf - téléchargé (0.4 Mo)
[2026-09-05 00:29:53] OK - ordonnance-1974-36.pdf - téléchargé (0.2 Mo)
[2026-09-05 00:29:54] OK - ordonnance-1974-35.pdf - téléchargé (0.3 Mo)
[2026-09-05 00:29:55] OK - ordonnance-1974-33.pdf - téléchargé (0.0 Mo)
[2026-09-05 00:29:56] OK - ordonnance-1974-34.pdf - téléchargé (0.1 Mo)
[2026-09-05 00:29:57] OK - ordonnance-1974-30.pdf - téléchargé (0.2 Mo)
[2026-09-05 00:29:58] OK - ordonnance-1974-32.pdf - téléchargé (0.3 Mo)
[2026-09-05 00:29:59] OK - ordonnance-1974-31.pdf - téléchargé (0.2 Mo)
[2026-09-05 00:30:00] OK - ordonnance-1974-29.pdf - téléchargé (0.2 Mo)
[2026-09-05 00:30:01] OK - ordonnance-1974-28.pdf - téléchargé (0.1 Mo)
[2026-09-05 00:30:02] OK - ordonnance-1974-27.pdf - téléchargé (0.1 Mo)
[2026-09-05 00:30:03] OK - ordonnance-1974-26.pdf - téléchargé (0.1 Mo)
[2026-09-05 00:30:04] OK - ordonnance-1974-25.pdf - téléchargé (0.1 Mo)
[2026-09-05 00:30:05] OK - ordonnance-1974-21.pdf - téléchargé (0.2 Mo)
[2026-09-05 00:30:08] OK - ordonnance-1974-24.pdf - téléchargé (3.2 Mo)
[2026-09-05 00:30:09] OK - ordonnance-1974-23.pdf - téléchargé (0.1 Mo)
[2026-09-05 00:30:09] OK - ordonnance-1974-22.pdf - téléchargé (0.1 Mo)
[2026-09-05 00:30:11] OK - ordonnance-1974-20.pdf - téléchargé (0.5 Mo)
[2026-09-05 00:30:12] OK - ordonnance-1974-19.pdf - téléchargé (0.4 Mo)
[2026-09-05 00:30:13] OK - ordonnance-1974-17.pdf - téléchargé (0.2 Mo)
[2026-09-05 00:30:15] OK - ordonnance-1974-18.pdf - téléchargé (0.2 Mo)
[2026-09-05 00:30:16] OK - ordonnance-1974-15.pdf - téléchargé (0.1 Mo)
[2026-09-05 00:30:17] OK - ordonnance-1974-16.pdf - téléchargé (0.4 Mo)
[2026-09-05 00:30:19] OK - ordonnance-1974-12.pdf - téléchargé (1.2 Mo)
[2026-09-05 00:30:20] OK - ordonnance-1974-13.pdf - téléchargé (0.4 Mo)
[2026-09-05 00:30:21] OK - ordonnance-1974-14.pdf - téléchargé (0.5 Mo)
[2026-09-05 00:30:22] OK - ordonnance-1974-11.pdf - téléchargé (0.1 Mo)
[2026-09-05 00:30:24] OK - ordonnance-1974-8.pdf - téléchargé (0.8 Mo)
[2026-09-05 00:30:25] OK - ordonnance-1974-7.pdf - téléchargé (0.2 Mo)
[2026-09-05 00:30:27] OK - ordonnance-1974-9.pdf - téléchargé (0.9 Mo)
[2026-09-05 00:30:28] OK - ordonnance-1974-10.pdf - téléchargé (0.4 Mo)
[2026-09-05 00:30:29] OK - ordonnance-1974-5.pdf - téléchargé (0.1 Mo)
[2026-09-05 00:30:30] OK - ordonnance-1974-4.pdf - téléchargé (0.3 Mo)
[2026-09-05 00:30:31] OK - ordonnance-1974-3.pdf - téléchargé (0.0 Mo)
[2026-09-05 00:30:32] OK - ordonnance-1974-1.pdf - téléchargé (0.0 Mo)
[2026-09-05 00:30:33] OK - ordonnance-1974-2.pdf - téléchargé (0.1 Mo)
[2026-09-05 00:30:34] OK - ordonnance-1973-80.pdf - téléchargé (0.2 Mo)
[2026-09-05 00:30:35] OK - ordonnance-1973-79.pdf - téléchargé (0.2 Mo)
[2026-09-05 00:30:36] OK - ordonnance-1973-78.pdf - téléchargé (0.5 Mo)
[2026-09-05 00:30:37] OK - ordonnance-1973-77.pdf - téléchargé (0.1 Mo)
[2026-09-05 00:30:38] OK - ordonnance-1973-76.pdf - téléchargé (0.1 Mo)
[2026-09-05 00:30:38] OK - ordonnance-1973-75.pdf - téléchargé (0.1 Mo)
[2026-09-05 00:30:39] OK - ordonnance-1973-73.pdf - téléchargé (0.0 Mo)
[2026-09-05 00:30:41] OK - ordonnance-1973-71.pdf - téléchargé (0.7 Mo)
[2026-09-05 00:30:42] OK - ordonnance-1973-72.pdf - téléchargé (0.4 Mo)
[2026-09-05 00:30:43] OK - ordonnance-1973-70.pdf - téléchargé (0.1 Mo)
[2026-09-05 00:30:45] OK - ordonnance-1973-69.pdf - téléchargé (0.7 Mo)
[2026-09-05 00:30:46] OK - ordonnance-1973-68.pdf - téléchargé (0.1 Mo)
[2026-09-05 00:30:47] OK - ordonnance-1973-67.pdf - téléchargé (0.2 Mo)
[2026-09-05 00:30:48] OK - ordonnance-1973-66.pdf - téléchargé (0.1 Mo)
[2026-09-05 00:30:49] OK - ordonnance-1973-65.pdf - téléchargé (0.1 Mo)
[2026-09-05 00:30:50] OK - ordonnance-1973-64.pdf - téléchargé (0.0 Mo)
[2026-09-05 00:30:51] OK - ordonnance-1973-63.pdf - téléchargé (0.3 Mo)
[2026-09-05 00:30:53] OK - ordonnance-1973-61.pdf - téléchargé (0.4 Mo)
[2026-09-05 00:30:54] OK - ordonnance-1973-62.pdf - téléchargé (0.9 Mo)
[2026-09-05 00:30:56] OK - ordonnance-1973-60.pdf - téléchargé (0.4 Mo)
[2026-09-05 00:30:57] OK - ordonnance-1973-57.pdf - téléchargé (0.2 Mo)
[2026-09-05 00:30:58] OK - ordonnance-1973-58.pdf - téléchargé (0.2 Mo)
[2026-09-05 00:30:59] OK - ordonnance-1973-59.pdf - téléchargé (0.1 Mo)
[2026-09-05 00:31:01] OK - ordonnance-1973-54.pdf - téléchargé (0.8 Mo)
[2026-09-05 00:31:03] OK - ordonnance-1973-55.pdf - téléchargé (1.3 Mo)
[2026-09-05 00:31:04] OK - ordonnance-1973-56.pdf - téléchargé (0.1 Mo)
[2026-09-05 00:31:05] OK - ordonnance-1973-53.pdf - téléchargé (0.5 Mo)
[2026-09-05 00:31:06] OK - ordonnance-1973-52.pdf - téléchargé (0.1 Mo)
[2026-09-05 00:31:07] OK - ordonnance-1973-51.pdf - téléchargé (0.2 Mo)
[2026-09-05 00:31:08] OK - ordonnance-1973-50.pdf - téléchargé (0.5 Mo)
[2026-09-05 00:31:09] OK - ordonnance-1973-49.pdf - téléchargé (0.1 Mo)
[2026-09-05 00:31:10] OK - ordonnance-1973-48.pdf - téléchargé (0.0 Mo)
[2026-09-05 00:31:11] OK - ordonnance-1973-47.pdf - téléchargé (0.2 Mo)
[2026-09-05 00:31:12] OK - ordonnance-1973-42.pdf - téléchargé (0.0 Mo)
[2026-09-05 00:31:13] OK - ordonnance-1973-43.pdf - téléchargé (0.1 Mo)
[2026-09-05 00:31:14] OK - ordonnance-1973-44.pdf - téléchargé (0.3 Mo)
[2026-09-05 00:31:15] OK - ordonnance-1973-45.pdf - téléchargé (0.2 Mo)
[2026-09-05 00:31:16] OK - ordonnance-1973-46.pdf - téléchargé (0.1 Mo)
[2026-09-05 00:31:17] OK - ordonnance-1973-40.pdf - téléchargé (0.1 Mo)
[2026-09-05 00:31:18] OK - ordonnance-1973-41.pdf - téléchargé (0.2 Mo)
[2026-09-05 00:31:18] OK - ordonnance-1973-39.pdf - téléchargé (0.1 Mo)
[2026-09-05 00:31:20] OK - ordonnance-1973-38.pdf - téléchargé (1.3 Mo)
[2026-09-05 00:31:21] OK - ordonnance-1973-35.pdf - téléchargé (0.4 Mo)
[2026-09-05 00:31:22] OK - ordonnance-1973-36.pdf - téléchargé (0.0 Mo)
[2026-09-05 00:31:23] OK - ordonnance-1973-37.pdf - téléchargé (0.1 Mo)
[2026-09-05 00:31:25] OK - ordonnance-1973-32.pdf - téléchargé (1.0 Mo)
[2026-09-05 00:31:26] OK - ordonnance-1973-33.pdf - téléchargé (0.9 Mo)
[2026-09-05 00:31:27] OK - ordonnance-1973-34.pdf - téléchargé (0.1 Mo)
[2026-09-05 00:31:28] OK - ordonnance-1973-30.pdf - téléchargé (0.4 Mo)
[2026-09-05 00:31:29] OK - ordonnance-1973-26.pdf - téléchargé (0.0 Mo)
[2026-09-05 00:31:30] OK - ordonnance-1973-27.pdf - téléchargé (0.1 Mo)
[2026-09-05 00:31:31] OK - ordonnance-1973-28.pdf - téléchargé (0.1 Mo)
[2026-09-05 00:31:32] OK - ordonnance-1973-29.pdf - téléchargé (0.1 Mo)
[2026-09-05 00:31:33] OK - ordonnance-1973-25.pdf - téléchargé (0.3 Mo)
[2026-09-05 00:31:34] OK - ordonnance-1973-22.pdf - téléchargé (0.1 Mo)
[2026-09-05 00:31:34] OK - ordonnance-1973-23.pdf - téléchargé (0.0 Mo)
[2026-09-05 00:31:35] OK - ordonnance-1973-24.pdf - téléchargé (0.1 Mo)
[2026-09-05 00:31:36] OK - ordonnance-1973-21.pdf - téléchargé (0.1 Mo)
[2026-09-05 00:31:37] OK - ordonnance-1973-19.pdf - téléchargé (0.1 Mo)
[2026-09-05 00:31:38] OK - ordonnance-1973-20.pdf - téléchargé (0.0 Mo)
[2026-09-05 00:31:39] OK - ordonnance-1973-16.pdf - téléchargé (0.1 Mo)
[2026-09-05 00:31:40] OK - ordonnance-1973-17.pdf - téléchargé (0.0 Mo)
[2026-09-05 00:31:41] OK - ordonnance-1973-18.pdf - téléchargé (0.1 Mo)
[2026-09-05 00:31:42] OK - ordonnance-1973-5.pdf - téléchargé (0.3 Mo)
[2026-09-05 00:31:42] OK - ordonnance-1973-15.pdf - téléchargé (0.1 Mo)
[2026-09-05 00:31:47] OK - ordonnance-1973-14.pdf - téléchargé (6.8 Mo)
[2026-09-05 00:31:48] OK - ordonnance-1973-11.pdf - téléchargé (0.0 Mo)
[2026-09-05 00:31:50] OK - ordonnance-1973-12.pdf - téléchargé (1.3 Mo)
[2026-09-05 00:31:51] OK - ordonnance-1973-13.pdf - téléchargé (0.1 Mo)
[2026-09-05 00:31:51] OK - ordonnance-1973-10.pdf - téléchargé (0.0 Mo)
[2026-09-05 00:31:53] OK - ordonnance-1973-6.pdf - téléchargé (0.4 Mo)
[2026-09-05 00:31:53] OK - ordonnance-1973-7.pdf - téléchargé (0.1 Mo)
[2026-09-05 00:31:54] OK - ordonnance-1973-8.pdf - téléchargé (0.1 Mo)
[2026-09-05 00:31:55] OK - ordonnance-1973-9.pdf - téléchargé (0.5 Mo)
[2026-09-05 00:31:57] OK - ordonnance-1973-3.pdf - téléchargé (0.9 Mo)
[2026-09-05 00:31:58] OK - ordonnance-1973-2.pdf - téléchargé (0.1 Mo)
[2026-09-05 00:31:59] OK - ordonnance-1973-1.pdf - téléchargé (0.1 Mo)
[2026-09-05 00:32:00] OK - ordonnance-1972-61.pdf - téléchargé (0.0 Mo)
[2026-09-05 00:32:00] OK - ordonnance-1972-60.pdf - téléchargé (0.0 Mo)
[2026-09-05 00:32:01] OK - ordonnance-1972-59.pdf - téléchargé (0.1 Mo)
[2026-09-05 00:32:02] OK - ordonnance-1972-58.pdf - téléchargé (0.1 Mo)
[2026-09-05 00:32:03] OK - ordonnance-1972-57.pdf - téléchargé (0.1 Mo)
[2026-09-05 00:32:04] OK - ordonnance-1972-55.pdf - téléchargé (0.1 Mo)
[2026-09-05 00:32:05] OK - ordonnance-1972-54.pdf - téléchargé (0.0 Mo)
[2026-09-05 00:32:06] OK - ordonnance-1972-53.pdf - téléchargé (0.2 Mo)
[2026-09-05 00:32:06] OK - ordonnance-1972-51.pdf - téléchargé (0.0 Mo)
[2026-09-05 00:32:07] OK - ordonnance-1972-50.pdf - téléchargé (0.0 Mo)
[2026-09-05 00:32:08] OK - ordonnance-1972-49.pdf - téléchargé (0.0 Mo)
[2026-09-05 00:32:09] OK - ordonnance-1972-47.pdf - téléchargé (0.1 Mo)
[2026-09-05 00:32:10] OK - ordonnance-1972-48.pdf - téléchargé (0.1 Mo)
[2026-09-05 00:32:11] OK - ordonnance-1972-44.pdf - téléchargé (0.0 Mo)
[2026-09-05 00:32:11] OK - ordonnance-1972-46.pdf - téléchargé (0.0 Mo)
[2026-09-05 00:32:12] OK - ordonnance-1972-43.pdf - téléchargé (0.1 Mo)
[2026-09-05 00:32:13] OK - ordonnance-1972-39.pdf - téléchargé (0.0 Mo)
[2026-09-05 00:32:14] OK - ordonnance-1972-40.pdf - téléchargé (0.0 Mo)
[2026-09-05 00:32:14] OK - ordonnance-1972-41.pdf - téléchargé (0.0 Mo)
[2026-09-05 00:32:15] OK - ordonnance-1972-42.pdf - téléchargé (0.0 Mo)
[2026-09-05 00:32:16] OK - ordonnance-1972-38.pdf - téléchargé (0.0 Mo)
[2026-09-05 00:32:17] OK - ordonnance-1972-37.pdf - téléchargé (0.1 Mo)
[2026-09-05 00:32:18] OK - ordonnance-1972-35.pdf - téléchargé (0.0 Mo)
[2026-09-05 00:32:19] OK - ordonnance-1972-36.pdf - téléchargé (0.1 Mo)
[2026-09-05 00:32:19] OK - ordonnance-1972-34.pdf - téléchargé (0.0 Mo)
[2026-09-05 00:32:20] OK - ordonnance-1972-32.pdf - téléchargé (0.0 Mo)
[2026-09-05 00:32:21] OK - ordonnance-1972-33.pdf - téléchargé (0.0 Mo)
[2026-09-05 00:32:22] OK - ordonnance-1972-31.pdf - téléchargé (0.3 Mo)
[2026-09-05 00:32:23] OK - ordonnance-1972-27.pdf - téléchargé (0.0 Mo)
[2026-09-05 00:32:24] OK - ordonnance-1972-28.pdf - téléchargé (0.1 Mo)
[2026-09-05 00:32:24] OK - ordonnance-1972-29.pdf - téléchargé (0.0 Mo)
[2026-09-05 00:32:25] OK - ordonnance-1972-30.pdf - téléchargé (0.0 Mo)
[2026-09-05 00:32:26] OK - ordonnance-1972-26.pdf - téléchargé (0.0 Mo)
[2026-09-05 00:32:27] OK - ordonnance-1972-25.pdf - téléchargé (0.4 Mo)
[2026-09-05 00:32:29] OK - ordonnance-1972-24.pdf - téléchargé (0.8 Mo)
[2026-09-05 00:32:30] OK - ordonnance-1972-23.pdf - téléchargé (0.7 Mo)
[2026-09-05 00:32:31] OK - ordonnance-1972-21.pdf - téléchargé (0.0 Mo)
[2026-09-05 00:32:32] OK - ordonnance-1972-22.pdf - téléchargé (0.0 Mo)
[2026-09-05 00:32:33] OK - ordonnance-1972-20.pdf - téléchargé (0.1 Mo)
[2026-09-05 00:32:34] OK - ordonnance-1972-19.pdf - téléchargé (0.1 Mo)
[2026-09-05 00:32:34] OK - ordonnance-1972-17.pdf - téléchargé (0.1 Mo)
[2026-09-05 00:32:35] OK - ordonnance-1972-18.pdf - téléchargé (0.0 Mo)
[2026-09-05 00:32:36] OK - ordonnance-1972-15.pdf - téléchargé (0.0 Mo)
[2026-09-05 00:32:37] OK - ordonnance-1972-16.pdf - téléchargé (0.0 Mo)
[2026-09-05 00:32:38] OK - ordonnance-1972-14.pdf - téléchargé (0.0 Mo)
[2026-09-05 00:32:39] OK - ordonnance-1972-13.pdf - téléchargé (0.1 Mo)
[2026-09-05 00:32:40] OK - ordonnance-1972-10.pdf - téléchargé (0.2 Mo)
[2026-09-05 00:32:41] OK - ordonnance-1972-11.pdf - téléchargé (0.7 Mo)
[2026-09-05 00:32:42] OK - ordonnance-1972-12.pdf - téléchargé (0.0 Mo)
[2026-09-05 00:32:43] OK - ordonnance-1972-9.pdf - téléchargé (0.1 Mo)
[2026-09-05 00:32:44] OK - ordonnance-1972-7-bis.pdf - téléchargé (0.0 Mo)
[2026-09-05 00:32:44] OK - ordonnance-1972-8.pdf - téléchargé (0.0 Mo)
[2026-09-05 00:32:45] OK - ordonnance-1972-6.pdf - téléchargé (0.0 Mo)
[2026-09-05 00:32:46] OK - ordonnance-1972-5.pdf - téléchargé (0.0 Mo)
[2026-09-05 00:32:47] OK - ordonnance-1972-4.pdf - téléchargé (0.5 Mo)
[2026-09-05 00:32:48] OK - ordonnance-1972-3.pdf - téléchargé (0.0 Mo)
[2026-09-05 00:32:50] OK - ordonnance-1972-7.pdf - téléchargé (0.5 Mo)
[2026-09-05 00:32:53] OK - ordonnance-1972-1.pdf - téléchargé (5.4 Mo)
[2026-09-05 00:32:55] OK - ordonnance-1972-2.pdf - téléchargé (0.5 Mo)
[2026-09-05 00:32:56] OK - ordonnance-1971-55.pdf - téléchargé (0.6 Mo)
[2026-09-05 00:32:57] OK - ordonnance-1971-52.pdf - téléchargé (0.1 Mo)
[2026-09-05 00:32:58] OK - ordonnance-1971-53.pdf - téléchargé (0.0 Mo)
[2026-09-05 00:32:59] OK - ordonnance-1971-54.pdf - téléchargé (0.0 Mo)
[2026-09-05 00:33:02] OK - ordonnance-1971-51.pdf - téléchargé (3.1 Mo)
[2026-09-05 00:33:04] OK - ordonnance-1971-49.pdf - téléchargé (0.4 Mo)
[2026-09-05 00:33:05] OK - ordonnance-1971-50.pdf - téléchargé (0.1 Mo)
[2026-09-05 00:33:05] OK - ordonnance-1971-46.pdf - téléchargé (0.0 Mo)
[2026-09-05 00:33:06] OK - ordonnance-1971-47.pdf - téléchargé (0.0 Mo)
[2026-09-05 00:33:08] OK - ordonnance-1971-48.pdf - téléchargé (1.1 Mo)
[2026-09-05 00:33:09] OK - ordonnance-1971-45.pdf - téléchargé (0.1 Mo)
[2026-09-05 00:33:09] OK - ordonnance-1971-43.pdf - téléchargé (0.0 Mo)
[2026-09-05 00:33:10] OK - ordonnance-1971-44.pdf - téléchargé (0.0 Mo)
[2026-09-05 00:33:11] OK - ordonnance-1971-42.pdf - téléchargé (0.0 Mo)
[2026-09-05 00:33:13] OK - ordonnance-1971-41.pdf - téléchargé (0.9 Mo)
[2026-09-05 00:33:14] OK - ordonnance-1971-38.pdf - téléchargé (0.2 Mo)
[2026-09-05 00:33:15] OK - ordonnance-1971-40.pdf - téléchargé (0.4 Mo)
[2026-09-05 00:33:17] OK - ordonnance-1971-36.pdf - téléchargé (0.1 Mo)
[2026-09-05 00:33:17] OK - ordonnance-1971-37.pdf - téléchargé (0.0 Mo)
[2026-09-05 00:33:18] OK - ordonnance-1971-35.pdf - téléchargé (0.1 Mo)
[2026-09-05 00:33:19] OK - ordonnance-1971-32.pdf - téléchargé (0.0 Mo)
[2026-09-05 00:33:20] OK - ordonnance-1971-33.pdf - téléchargé (0.0 Mo)
[2026-09-05 00:33:21] OK - ordonnance-1971-34.pdf - téléchargé (0.1 Mo)
[2026-09-05 00:33:22] OK - ordonnance-1971-29.pdf - téléchargé (0.1 Mo)
[2026-09-05 00:33:24] OK - ordonnance-1971-25.pdf - téléchargé (0.7 Mo)
[2026-09-05 00:33:25] OK - ordonnance-1971-26.pdf - téléchargé (0.1 Mo)
[2026-09-05 00:33:26] OK - ordonnance-1971-27.pdf - téléchargé (0.1 Mo)
[2026-09-05 00:33:27] OK - ordonnance-1971-30.pdf - téléchargé (0.3 Mo)
[2026-09-05 00:33:27] OK - ordonnance-1971-31.pdf - téléchargé (0.0 Mo)
[2026-09-05 00:33:29] OK - ordonnance-1971-28.pdf - téléchargé (0.5 Mo)
[2026-09-05 00:33:30] OK - ordonnance-1971-22.pdf - téléchargé (0.1 Mo)
[2026-09-05 00:33:31] OK - ordonnance-1971-23.pdf - téléchargé (0.1 Mo)
[2026-09-05 00:33:32] OK - ordonnance-1971-24.pdf - téléchargé (0.5 Mo)
[2026-09-05 00:33:33] OK - ordonnance-1971-21.pdf - téléchargé (0.1 Mo)
[2026-09-05 00:33:34] OK - ordonnance-1971-20.pdf - téléchargé (0.2 Mo)
[2026-09-05 00:33:35] OK - ordonnance-1971-17.pdf - téléchargé (0.0 Mo)
[2026-09-05 00:33:36] OK - ordonnance-1971-19.pdf - téléchargé (0.1 Mo)
[2026-09-05 00:33:36] OK - ordonnance-1971-15.pdf - téléchargé (0.1 Mo)
[2026-09-05 00:33:37] OK - ordonnance-1971-16.pdf - téléchargé (0.0 Mo)
[2026-09-05 00:33:38] OK - ordonnance-1971-13.pdf - téléchargé (0.1 Mo)
[2026-09-05 00:33:39] OK - ordonnance-1971-14.pdf - téléchargé (0.0 Mo)
[2026-09-05 00:33:40] OK - ordonnance-1971-12.pdf - téléchargé (0.1 Mo)
[2026-09-05 00:33:41] OK - ordonnance-1971-10.pdf - téléchargé (0.1 Mo)
[2026-09-05 00:33:42] OK - ordonnance-1971-11.pdf - téléchargé (0.0 Mo)
[2026-09-05 00:33:43] OK - ordonnance-1971-9.pdf - téléchargé (0.3 Mo)
[2026-09-05 00:33:44] OK - ordonnance-1971-8.pdf - téléchargé (0.0 Mo)
[2026-09-05 00:33:45] OK - ordonnance-1971-6.pdf - téléchargé (0.1 Mo)
[2026-09-05 00:33:46] OK - ordonnance-1971-7.pdf - téléchargé (0.2 Mo)
[2026-09-05 00:33:47] OK - ordonnance-1971-4.pdf - téléchargé (0.1 Mo)
[2026-09-05 00:33:48] OK - ordonnance-1971-3.pdf - téléchargé (0.2 Mo)
[2026-09-05 00:33:49] OK - ordonnance-1971-2.pdf - téléchargé (0.5 Mo)
[2026-09-05 00:33:50] OK - ordonnance-1971-1.pdf - téléchargé (0.1 Mo)
[2026-09-05 00:33:52] OK - ordonnance-1970-53.pdf - téléchargé (1.1 Mo)
[2026-09-05 00:33:54] OK - ordonnance-1970-52.pdf - téléchargé (0.3 Mo)
[2026-09-05 00:33:55] OK - ordonnance-1970-51.pdf - téléchargé (0.3 Mo)
[2026-09-05 00:33:56] OK - ordonnance-1970-50.pdf - téléchargé (0.4 Mo)
[2026-09-05 00:33:57] OK - ordonnance-1970-48.pdf - téléchargé (0.2 Mo)
[2026-09-05 00:33:58] OK - ordonnance-1970-49.pdf - téléchargé (0.1 Mo)
[2026-09-05 00:34:00] OK - ordonnance-1970-47.pdf - téléchargé (0.2 Mo)
[2026-09-05 00:34:01] OK - ordonnance-1970-46.pdf - téléchargé (0.2 Mo)
[2026-09-05 00:34:02] OK - ordonnance-1970-45.pdf - téléchargé (0.2 Mo)
[2026-09-05 00:34:03] OK - ordonnance-1970-44.pdf - téléchargé (0.1 Mo)
[2026-09-05 00:34:04] OK - ordonnance-1970-43.pdf - téléchargé (0.3 Mo)
[2026-09-05 00:34:06] OK - ordonnance-1970-42.pdf - téléchargé (1.4 Mo)
[2026-09-05 00:34:08] OK - ordonnance-1970-39.pdf - téléchargé (0.9 Mo)
[2026-09-05 00:34:10] OK - ordonnance-1970-40.pdf - téléchargé (1.0 Mo)
[2026-09-05 00:34:11] OK - ordonnance-1970-41.pdf - téléchargé (0.2 Mo)
[2026-09-05 00:34:12] OK - ordonnance-1970-36.pdf - téléchargé (0.2 Mo)
[2026-09-05 00:34:13] OK - ordonnance-1970-37.pdf - téléchargé (0.2 Mo)
[2026-09-05 00:34:14] OK - ordonnance-1970-35.pdf - téléchargé (0.1 Mo)
[2026-09-05 00:34:15] OK - ordonnance-1970-32.pdf - téléchargé (0.1 Mo)
[2026-09-05 00:34:15] SKIP - ordonnance-1970-32.pdf - déjà présent
[2026-09-05 00:34:16] OK - ordonnance-1970-33.pdf - téléchargé (0.1 Mo)
[2026-09-05 00:34:17] OK - ordonnance-1970-34.pdf - téléchargé (1.0 Mo)
[2026-09-05 00:34:19] OK - ordonnance-1970-30.pdf - téléchargé (1.1 Mo)
[2026-09-05 00:34:20] OK - ordonnance-1970-31.pdf - téléchargé (0.1 Mo)
[2026-09-05 00:34:21] OK - ordonnance-1970-28.pdf - téléchargé (0.2 Mo)
[2026-09-05 00:34:22] OK - ordonnance-1970-26.pdf - téléchargé (0.2 Mo)
[2026-09-05 00:34:23] OK - ordonnance-1970-27.pdf - téléchargé (0.2 Mo)
[2026-09-05 00:34:25] OK - ordonnance-1970-24.pdf - téléchargé (0.2 Mo)
[2026-09-05 00:34:26] OK - ordonnance-1970-25.pdf - téléchargé (0.3 Mo)
[2026-09-05 00:34:27] OK - ordonnance-1970-23.pdf - téléchargé (0.1 Mo)
[2026-09-05 00:34:28] OK - ordonnance-1970-15.pdf - téléchargé (0.2 Mo)
[2026-09-05 00:34:29] OK - ordonnance-1970-19.pdf - téléchargé (0.2 Mo)
[2026-09-05 00:34:30] OK - ordonnance-1970-20.pdf - téléchargé (0.2 Mo)
[2026-09-05 00:34:31] OK - ordonnance-1970-21.pdf - téléchargé (0.3 Mo)
[2026-09-05 00:34:32] OK - ordonnance-1970-22.pdf - téléchargé (0.1 Mo)
[2026-09-05 00:34:34] OK - ordonnance-1970-18.pdf - téléchargé (0.8 Mo)
[2026-09-05 00:34:35] OK - ordonnance-1970-14.pdf - téléchargé (0.2 Mo)
[2026-09-05 00:34:36] OK - ordonnance-1970-15-bis.pdf - téléchargé (0.4 Mo)
[2026-09-05 00:34:37] OK - ordonnance-1970-16.pdf - téléchargé (0.1 Mo)
[2026-09-05 00:34:38] OK - ordonnance-1970-12.pdf - téléchargé (0.3 Mo)
[2026-09-05 00:34:39] OK - ordonnance-1970-13.pdf - téléchargé (0.2 Mo)
[2026-09-05 00:34:41] OK - ordonnance-1970-11.pdf - téléchargé (0.2 Mo)
[2026-09-05 00:34:42] OK - ordonnance-1970-9.pdf - téléchargé (0.2 Mo)
[2026-09-05 00:34:45] OK - ordonnance-1970-10.pdf - téléchargé (1.0 Mo)
[2026-09-05 00:34:49] OK - ordonnance-1970-5.pdf - téléchargé (1.7 Mo)
[2026-09-05 00:34:50] OK - ordonnance-1970-6.pdf - téléchargé (0.5 Mo)
[2026-09-05 00:34:52] OK - ordonnance-1970-7.pdf - téléchargé (0.2 Mo)
[2026-09-05 00:34:53] OK - ordonnance-1970-8.pdf - téléchargé (0.2 Mo)
[2026-09-05 00:34:54] OK - ordonnance-1970-4.pdf - téléchargé (0.2 Mo)
[2026-09-05 00:34:55] OK - ordonnance-1970-2.pdf - téléchargé (0.5 Mo)
[2026-09-05 00:34:56] OK - ordonnance-1970-1.pdf - téléchargé (0.1 Mo)
[2026-09-05 00:34:58] OK - ordonnance-%2069-53.pdf - téléchargé (1.7 Mo)
[2026-09-05 00:34:59] OK - ordonnance-1969-53.pdf - téléchargé (0.7 Mo)
[2026-09-05 00:35:00] OK - ordonnance-1969-51.pdf - téléchargé (0.4 Mo)
[2026-09-05 00:35:01] OK - ordonnance-1969-46.pdf - téléchargé (0.1 Mo)
[2026-09-05 00:35:02] OK - ordonnance-1969-47.pdf - téléchargé (0.1 Mo)
[2026-09-05 00:35:03] OK - ordonnance-1969-48.pdf - téléchargé (0.3 Mo)
[2026-09-05 00:35:04] OK - ordonnance-1969-49.pdf - téléchargé (0.0 Mo)
[2026-09-05 00:35:06] OK - ordonnance-1969-43.pdf - téléchargé (0.3 Mo)
[2026-09-05 00:35:07] OK - ordonnance-1969-45.pdf - téléchargé (0.4 Mo)
[2026-09-05 00:35:08] OK - ordonnance-1969-42.pdf - téléchargé (0.7 Mo)
[2026-09-05 00:35:10] OK - ordonnance-1969-38.pdf - téléchargé (0.5 Mo)
[2026-09-05 00:35:11] OK - ordonnance-1969-39.pdf - téléchargé (0.8 Mo)
[2026-09-05 00:35:12] OK - ordonnance-1969-40.pdf - téléchargé (0.4 Mo)
[2026-09-05 00:35:14] OK - ordonnance-1969-41.pdf - téléchargé (0.6 Mo)
[2026-09-05 00:35:15] OK - ordonnance-1969-35.pdf - téléchargé (0.4 Mo)
[2026-09-05 00:35:26] OK - ordonnance-1969-34.pdf - téléchargé (11.7 Mo)
[2026-09-05 00:35:31] OK - ordonnance-1969-33.pdf - téléchargé (3.9 Mo)
[2026-09-05 00:35:32] OK - ordonnance-1969-31.pdf - téléchargé (0.2 Mo)
[2026-09-05 00:35:33] OK - ordonnance-1969-30.pdf - téléchargé (0.5 Mo)
[2026-09-05 00:35:35] OK - ordonnance-1969-27.pdf - téléchargé (0.7 Mo)
[2026-09-05 00:35:36] OK - ordonnance-1969-28.pdf - téléchargé (0.8 Mo)
[2026-09-05 00:35:38] OK - ordonnance-1969-29.pdf - téléchargé (0.8 Mo)
[2026-09-05 00:35:40] OK - ordonnance-1969-26-bis.pdf - téléchargé (1.2 Mo)
[2026-09-05 00:35:42] OK - ordonnance-1969-26.pdf - téléchargé (1.1 Mo)
[2026-09-05 00:35:43] OK - ordonnance-1969-24.pdf - téléchargé (0.6 Mo)
[2026-09-05 00:35:45] OK - ordonnance-1969-25.pdf - téléchargé (0.8 Mo)
[2026-09-05 00:35:54] OK - ordonnance-1969-23.pdf - téléchargé (6.3 Mo)
[2026-09-05 00:35:56] OK - ordonnance-1969-20.pdf - téléchargé (0.7 Mo)
[2026-09-05 00:35:58] OK - ordonnance-1969-21.pdf - téléchargé (0.8 Mo)
[2026-09-05 00:36:00] OK - ordonnance-1969-22.pdf - téléchargé (0.7 Mo)
[2026-09-05 00:36:01] OK - ordonnance-1969-13.pdf - téléchargé (0.3 Mo)
[2026-09-05 00:36:05] OK - ordonnance-1969-14.pdf - téléchargé (2.1 Mo)
[2026-09-05 00:36:06] OK - ordonnance-1969-15.pdf - téléchargé (0.7 Mo)
[2026-09-05 00:36:09] OK - ordonnance-1969-16.pdf - téléchargé (0.8 Mo)
[2026-09-05 00:36:11] OK - ordonnance-1969-17.pdf - téléchargé (0.4 Mo)
[2026-09-05 00:36:13] OK - ordonnance-1969-18.pdf - téléchargé (0.5 Mo)
[2026-09-05 00:36:15] OK - ordonnance-1969-19.pdf - téléchargé (0.8 Mo)
[2026-09-05 00:36:16] OK - ordonnance-1969-12.pdf - téléchargé (0.4 Mo)
[2026-09-05 00:36:24] OK - ordonnance-1969-10.pdf - téléchargé (7.2 Mo)
[2026-09-05 00:36:26] OK - ordonnance-1969-11.pdf - téléchargé (0.9 Mo)
[2026-09-05 00:36:27] OK - ordonnance-1969-8.pdf - téléchargé (0.9 Mo)
[2026-09-05 00:36:32] OK - ordonnance-1969-7.pdf - téléchargé (1.0 Mo)
[2026-09-05 00:36:34] OK - ordonnance-1969-6.pdf - téléchargé (0.6 Mo)
[2026-09-05 00:36:35] OK - ordonnance-1969-2-bis.pdf - téléchargé (0.4 Mo)
[2026-09-05 00:36:36] OK - ordonnance-1969-3.pdf - téléchargé (0.4 Mo)
[2026-09-05 00:36:38] OK - ordonnance-1969-4.pdf - téléchargé (0.9 Mo)
[2026-09-05 00:36:42] OK - ordonnance-1969-5.pdf - téléchargé (4.0 Mo)
[2026-09-05 00:36:45] OK - ordonnance-1969-2.pdf - téléchargé (1.1 Mo)
[2026-09-05 00:37:16] OK - ordonnance-1969-1.pdf - téléchargé (24.1 Mo)
[2026-09-05 00:37:18] OK - ordonnance-1968-60.pdf - téléchargé (0.3 Mo)
[2026-09-05 00:37:20] OK - ordonnance-1968-61.pdf - téléchargé (3.5 Mo)
[2026-09-05 00:37:22] OK - ordonnance-1968-62.pdf - téléchargé (1.4 Mo)
[2026-09-05 00:37:23] OK - ordonnance-1968-59.pdf - téléchargé (0.5 Mo)
[2026-09-05 00:37:25] OK - ordonnance-1968-58.pdf - téléchargé (0.9 Mo)
[2026-09-05 00:37:27] OK - ordonnance-1968-57.pdf - téléchargé (0.7 Mo)
[2026-09-05 00:37:28] OK - ordonnance-1968-54.pdf - téléchargé (0.8 Mo)
[2026-09-05 00:37:29] OK - ordonnance-1968-55.pdf - téléchargé (0.1 Mo)
[2026-09-05 00:37:36] OK - ordonnance-1968-56.pdf - téléchargé (7.4 Mo)
[2026-09-05 00:37:38] OK - ordonnance-1968-52.pdf - téléchargé (1.4 Mo)
[2026-09-05 00:37:39] OK - ordonnance-1968-53.pdf - téléchargé (0.7 Mo)
[2026-09-05 00:37:40] OK - ordonnance-1968-51.pdf - téléchargé (0.3 Mo)
[2026-09-05 00:37:41] OK - ordonnance-1968-50.pdf - téléchargé (0.4 Mo)
[2026-09-05 00:37:51] OK - ordonnance-1968-49.pdf - téléchargé (9.6 Mo)
[2026-09-05 00:37:52] OK - ordonnance-1968-47.pdf - téléchargé (0.8 Mo)
[2026-09-05 00:37:55] OK - ordonnance-1968-45.pdf - téléchargé (1.2 Mo)
[2026-09-05 00:37:56] OK - ordonnance-1968-42.pdf - téléchargé (0.3 Mo)
[2026-09-05 00:37:59] OK - ordonnance-1968-43.pdf - téléchargé (3.1 Mo)
[2026-09-05 00:38:00] OK - ordonnance-1968-44.pdf - téléchargé (0.2 Mo)
[2026-09-05 00:38:01] OK - ordonnance-1968-40.pdf - téléchargé (0.4 Mo)
[2026-09-05 00:38:03] OK - ordonnance-1968-39.pdf - téléchargé (0.7 Mo)
[2026-09-05 00:38:04] OK - ordonnance-1968-36.pdf - téléchargé (0.8 Mo)
[2026-09-05 00:38:16] OK - ordonnance-1968-38.pdf - téléchargé (21.8 Mo)
[2026-09-05 00:38:17] OK - ordonnance-1968-34.pdf - téléchargé (0.4 Mo)
[2026-09-05 00:38:20] OK - ordonnance-1968-35.pdf - téléchargé (3.3 Mo)
[2026-09-05 00:38:21] OK - ordonnance-1968-32.pdf - téléchargé (0.6 Mo)
[2026-09-05 00:38:24] OK - ordonnance-1968-31.pdf - téléchargé (6.0 Mo)
[2026-09-05 00:38:27] OK - ordonnance-1968-27.pdf - téléchargé (4.5 Mo)
[2026-09-05 00:38:29] OK - ordonnance-1968-30.pdf - téléchargé (0.4 Mo)
[2026-09-05 00:38:33] OK - ordonnance-1968-28.pdf - téléchargé (2.5 Mo)
[2026-09-05 00:38:34] OK - ordonnance-1968-29.pdf - téléchargé (1.3 Mo)
[2026-09-05 00:38:36] OK - ordonnance-1968-24.pdf - téléchargé (0.6 Mo)
[2026-09-05 00:38:37] OK - ordonnance-1968-37.pdf - téléchargé (0.5 Mo)
[2026-09-05 00:38:42] OK - ordonnance-1968-21.pdf - téléchargé (11.9 Mo)
[2026-09-05 00:38:44] OK - ordonnance-1968-22.pdf - téléchargé (2.4 Mo)
[2026-09-05 00:38:46] OK - ordonnance-1968-23.pdf - téléchargé (1.1 Mo)
[2026-09-05 00:38:47] OK - ordonnance-1968-19.pdf - téléchargé (0.3 Mo)
[2026-09-05 00:38:49] OK - ordonnance-1968-18.pdf - téléchargé (1.0 Mo)
[2026-09-05 00:38:50] OK - ordonnance-1968-12.pdf - téléchargé (0.7 Mo)
[2026-09-05 00:38:52] OK - ordonnance-1968-13.pdf - téléchargé (0.6 Mo)
[2026-09-05 00:38:53] OK - ordonnance-1968-14.pdf - téléchargé (0.9 Mo)
[2026-09-05 00:38:55] OK - ordonnance-1968-9.pdf - téléchargé (0.7 Mo)
[2026-09-05 00:38:56] OK - ordonnance-1968-8.pdf - téléchargé (0.7 Mo)
[2026-09-05 00:38:57] OK - ordonnance-1968-4.pdf - téléchargé (0.3 Mo)
[2026-09-05 00:38:59] OK - ordonnance-1968-5.pdf - téléchargé (1.3 Mo)
[2026-09-05 00:39:02] OK - ordonnance-1968-1.pdf - téléchargé (3.7 Mo)
[2026-09-05 00:39:03] OK - ordonnance-1967-41.pdf - téléchargé (0.4 Mo)
[2026-09-05 00:39:04] OK - ordonnance-1967-37.pdf - téléchargé (0.4 Mo)
[2026-09-05 00:39:05] OK - ordonnance-1967-36.pdf - téléchargé (0.4 Mo)
[2026-09-05 00:39:16] OK - ordonnance-1967-33.pdf - téléchargé (22.4 Mo)
[2026-09-05 00:39:17] OK - ordonnance-1967-27.pdf - téléchargé (0.3 Mo)
[2026-09-05 00:39:18] OK - ordonnance-1967-26.pdf - téléchargé (0.3 Mo)
[2026-09-05 00:39:20] OK - ordonnance-1967-23.pdf - téléchargé (1.0 Mo)
[2026-09-05 00:39:21] OK - ordonnance-1967-22.pdf - téléchargé (0.8 Mo)
[2026-09-05 00:39:25] OK - ordonnance-1967-20.pdf - téléchargé (4.5 Mo)
[2026-09-05 00:39:26] OK - ordonnance-1967-19.pdf - téléchargé (1.1 Mo)
[2026-09-05 00:39:28] OK - ordonnance-1967-17.pdf - téléchargé (1.5 Mo)
[2026-09-05 00:39:29] OK - ordonnance-1967-18.pdf - téléchargé (0.3 Mo)
[2026-09-05 00:39:30] OK - ordonnance-1967-16.pdf - téléchargé (0.7 Mo)
[2026-09-05 00:39:31] OK - ordonnance-1967-14.pdf - téléchargé (0.4 Mo)
[2026-09-05 00:39:33] OK - ordonnance-1967-10.pdf - téléchargé (1.5 Mo)
[2026-09-05 00:39:34] OK - ordonnance-1967-9.pdf - téléchargé (0.0 Mo)
[2026-09-05 00:39:35] OK - ordonnance-1967-7.pdf - téléchargé (0.1 Mo)
[2026-09-05 00:39:36] OK - ordonnance-1967-5.pdf - téléchargé (0.1 Mo)
[2026-09-05 00:39:36] OK - ordonnance-1967-4.pdf - téléchargé (0.1 Mo)
[2026-09-05 00:39:38] OK - ordonnance-1967-3.pdf - téléchargé (0.6 Mo)
[2026-09-05 00:39:38] OK - ordonnance-1966-65.pdf - téléchargé (0.1 Mo)
[2026-09-05 00:39:39] OK - ordonnance-1966-62.pdf - téléchargé (0.1 Mo)
[2026-09-05 00:39:41] OK - ordonnance-1966-63.pdf - téléchargé (1.2 Mo)
[2026-09-05 00:39:42] OK - ordonnance-1966-64.pdf - téléchargé (1.6 Mo)
[2026-09-05 00:39:44] OK - ordonnance-1966-59.pdf - téléchargé (0.6 Mo)
[2026-09-05 00:39:44] OK - ordonnance-1966-60.pdf - téléchargé (0.0 Mo)
[2026-09-05 00:39:45] OK - ordonnance-1966-61.pdf - téléchargé (0.1 Mo)
[2026-09-05 00:39:46] OK - ordonnance-1966-57.pdf - téléchargé (0.4 Mo)
[2026-09-05 00:39:49] OK - ordonnance-1966-54.pdf - téléchargé (4.2 Mo)
[2026-09-05 00:39:50] OK - ordonnance-1966-55.pdf - téléchargé (0.2 Mo)
[2026-09-05 00:39:51] OK - ordonnance-1966-53.pdf - téléchargé (0.9 Mo)
[2026-09-05 00:39:52] OK - ordonnance-1966-52.pdf - téléchargé (0.0 Mo)
[2026-09-05 00:39:53] OK - ordonnance-1966-51.pdf - téléchargé (0.1 Mo)
[2026-09-05 00:39:54] OK - ordonnance-1966-50.pdf - téléchargé (0.3 Mo)
[2026-09-05 00:39:55] OK - ordonnance-1966-48.pdf - téléchargé (0.0 Mo)
[2026-09-05 00:39:56] OK - ordonnance-1966-49.pdf - téléchargé (0.1 Mo)
[2026-09-05 00:39:57] OK - ordonnance-1966-47.pdf - téléchargé (0.1 Mo)
[2026-09-05 00:39:58] OK - ordonnance-1966-46.pdf - téléchargé (0.1 Mo)
[2026-09-05 00:39:59] OK - ordonnance-1966-39.pdf - téléchargé (0.0 Mo)
[2026-09-05 00:40:00] OK - ordonnance-1966-37.pdf - téléchargé (0.1 Mo)
[2026-09-05 00:40:00] OK - ordonnance-1966-38.pdf - téléchargé (0.0 Mo)
[2026-09-05 00:40:01] OK - ordonnance-1966-34.pdf - téléchargé (0.1 Mo)
[2026-09-05 00:40:03] OK - ordonnance-1966-29.pdf - téléchargé (0.5 Mo)
[2026-09-05 00:40:04] OK - ordonnance-1966-30.pdf - téléchargé (0.1 Mo)
[2026-09-05 00:40:04] OK - ordonnance-1966-32.pdf - téléchargé (0.2 Mo)
[2026-09-05 00:40:05] OK - ordonnance-1966-33.pdf - téléchargé (0.1 Mo)
[2026-09-05 00:40:06] OK - ordonnance-1966-28.pdf - téléchargé (0.1 Mo)
[2026-09-05 00:40:07] OK - ordonnance-1966-27.pdf - téléchargé (0.1 Mo)
[2026-09-05 00:40:08] OK - ordonnance-1966-26.pdf - téléchargé (0.2 Mo)
[2026-09-05 00:40:09] OK - ordonnance-1966-25.pdf - téléchargé (0.9 Mo)
[2026-09-05 00:40:10] OK - ordonnance-1966-24.pdf - téléchargé (0.0 Mo)
[2026-09-05 00:40:11] OK - ordonnance-1966-23.pdf - téléchargé (0.0 Mo)
[2026-09-05 00:40:13] OK - ordonnance-1966-21.pdf - téléchargé (1.8 Mo)
[2026-09-05 00:40:14] OK - ordonnance-1966-20.pdf - téléchargé (0.1 Mo)
[2026-09-05 00:40:14] OK - ordonnance-1967-8.pdf - téléchargé (0.1 Mo)
[2026-09-05 00:40:15] OK - ordonnance-1966-17.pdf - téléchargé (0.0 Mo)
[2026-09-05 00:40:16] OK - ordonnance-1966-18.pdf - téléchargé (0.2 Mo)
[2026-09-05 00:40:17] OK - ordonnance-1966-19.pdf - téléchargé (0.2 Mo)
[2026-09-05 00:40:18] OK - ordonnance-1966-15.pdf - téléchargé (0.2 Mo)
[2026-09-05 00:40:19] OK - ordonnance-1966-16.pdf - téléchargé (0.1 Mo)
[2026-09-05 00:40:20] OK - ordonnance-1966-13.pdf - téléchargé (0.0 Mo)
[2026-09-05 00:40:21] OK - ordonnance-1966-14.pdf - téléchargé (0.0 Mo)
[2026-09-05 00:40:21] OK - ordonnance-1966-12.pdf - téléchargé (0.0 Mo)
[2026-09-05 00:40:22] OK - ordonnance-1966-11.pdf - téléchargé (0.1 Mo)
[2026-09-05 00:40:23] OK - ordonnance-1966-10-bis.pdf - téléchargé (0.0 Mo)
[2026-09-05 00:40:24] OK - ordonnance-1966-8.pdf - téléchargé (0.0 Mo)
[2026-09-05 00:40:25] OK - ordonnance-1966-9.pdf - téléchargé (0.0 Mo)
[2026-09-05 00:40:26] OK - ordonnance-1966-10.pdf - téléchargé (0.0 Mo)
[2026-09-05 00:40:26] OK - ordonnance-1966-7.pdf - téléchargé (0.0 Mo)
[2026-09-05 00:40:27] OK - ordonnance-1966-5.pdf - téléchargé (0.0 Mo)
[2026-09-05 00:40:28] OK - ordonnance-1966-6.pdf - téléchargé (0.1 Mo)
[2026-09-05 00:40:29] OK - ordonnance-1966-3.pdf - téléchargé (0.1 Mo)
[2026-09-05 00:40:30] OK - ordonnance-1966-4.pdf - téléchargé (0.0 Mo)
[2026-09-05 00:40:30] OK - ordonnance-1966-2.pdf - téléchargé (0.1 Mo)
[2026-09-05 00:40:31] OK - ordonnance-1966-1.pdf - téléchargé (0.0 Mo)
[2026-09-05 00:40:35] OK - ordonnance-1965-3.pdf - téléchargé (5.9 Mo)
[2026-09-05 00:40:37] OK - ordonnance-1965-1.pdf - téléchargé (0.4 Mo)
[2026-09-05 00:40:38] OK - ordonnance-1965-2.pdf - téléchargé (1.3 Mo)
[2026-09-05 00:40:39] OK - ordonnance-1994-004.pdf - téléchargé (0.4 Mo)
[2026-09-05 00:40:40] OK - ordonnance-1968-26.pdf - téléchargé (0.3 Mo)
[2026-09-05 00:40:42] OK - ordonnance-1964-16.pdf - téléchargé (0.4 Mo)
[2026-09-05 00:40:43] OK - ordonnance-1964-18.pdf - téléchargé (0.4 Mo)
[2026-09-05 00:40:52] OK - ordonnance-1964-19.pdf - téléchargé (9.7 Mo)
[2026-09-05 00:40:55] OK - ordonnance-1964-9.pdf - téléchargé (8.7 Mo)
[2026-09-05 00:40:56] OK - ordonnance-1964-10.pdf - téléchargé (1.1 Mo)
[2026-09-05 00:40:57] OK - ordonnance-1964-11.pdf - téléchargé (0.4 Mo)
[2026-09-05 00:40:59] OK - ordonnance-1964-12.pdf - téléchargé (0.3 Mo)
[2026-09-05 00:41:00] OK - ordonnance-1964-13.pdf - téléchargé (0.2 Mo)
[2026-09-05 00:41:01] OK - ordonnance-1964-14.pdf - téléchargé (1.0 Mo)
[2026-09-05 00:41:02] OK - ordonnance-1964-15.pdf - téléchargé (1.1 Mo)
[2026-09-05 00:41:04] OK - ordonnance-1964-7.pdf - téléchargé (0.3 Mo)
[2026-09-05 00:41:05] OK - ordonnance-1964-1.pdf - téléchargé (1.8 Mo)
[2026-09-05 00:41:07] OK - ordonnance-1964-2.pdf - téléchargé (2.6 Mo)
[2026-09-05 00:41:09] OK - ordonnance-1964-3.pdf - téléchargé (0.8 Mo)
[2026-09-05 00:41:10] OK - ordonnance-1964-4.pdf - téléchargé (1.1 Mo)
[2026-09-05 00:41:12] OK - ordonnance-1964-5.pdf - téléchargé (0.3 Mo)
[2026-09-05 00:41:13] OK - ordonnance-1963-33.pdf - téléchargé (0.2 Mo)
[2026-09-05 00:41:14] OK - ordonnance-1963-31.pdf - téléchargé (0.1 Mo)
[2026-09-05 00:41:15] OK - ordonnance-1963-32.pdf - téléchargé (0.3 Mo)
[2026-09-05 00:41:16] OK - ordonnance-1963-27.pdf - téléchargé (0.1 Mo)
[2026-09-05 00:41:17] OK - ordonnance-1963-29.pdf - téléchargé (0.2 Mo)
[2026-09-05 00:41:18] OK - ordonnance-1963-30.pdf - téléchargé (0.2 Mo)
[2026-09-05 00:41:18] OK - ordonnance-1963-25.pdf - téléchargé (0.1 Mo)
[2026-09-05 00:41:20] OK - ordonnance-%208.pdf - téléchargé (0.8 Mo)
[2026-09-05 00:41:21] OK - ordonnance-1963-23.pdf - téléchargé (0.2 Mo)
[2026-09-05 00:41:22] OK - ordonnance-1963-24.pdf - téléchargé (0.1 Mo)
[2026-09-05 00:41:23] OK - ordonnance-1963-22.pdf - téléchargé (0.2 Mo)
[2026-09-05 00:41:25] OK - ordonnance-1963-21.pdf - téléchargé (1.9 Mo)
[2026-09-05 00:41:26] OK - ordonnance-1963-19.pdf - téléchargé (0.1 Mo)
[2026-09-05 00:41:27] OK - ordonnance-1963-20.pdf - téléchargé (0.1 Mo)
[2026-09-05 00:41:28] OK - ordonnance-1963-18.pdf - téléchargé (0.1 Mo)
[2026-09-05 00:41:28] OK - ordonnance-1963-17.pdf - téléchargé (0.1 Mo)
[2026-09-05 00:41:30] OK - ordonnance-1963-15.pdf - téléchargé (1.8 Mo)
[2026-09-05 00:41:31] OK - ordonnance-1963-13.pdf - téléchargé (0.1 Mo)
[2026-09-05 00:41:34] OK - ordonnance-1963-14.pdf - téléchargé (4.3 Mo)
[2026-09-05 00:41:48] OK - ordonnance-1970-14-bis.pdf - téléchargé (8.7 Mo)
[2026-09-05 00:41:49] OK - ordonnance-1963-12.pdf - téléchargé (0.2 Mo)
[2026-09-05 00:41:50] OK - ordonnance-1963-10.pdf - téléchargé (0.1 Mo)
[2026-09-05 00:41:51] OK - ordonnance-1963-11.pdf - téléchargé (0.1 Mo)
[2026-09-05 00:41:52] OK - ordonnance-1963-7.pdf - téléchargé (0.4 Mo)
[2026-09-05 00:41:53] OK - ordonnance-1963-8.pdf - téléchargé (0.1 Mo)
[2026-09-05 00:41:54] OK - ordonnance-1963-9.pdf - téléchargé (0.1 Mo)
[2026-09-05 00:41:55] OK - ordonnance-1963-2-bis.pdf - téléchargé (0.3 Mo)
[2026-09-05 00:41:57] OK - ordonnance-1963-2.pdf - téléchargé (0.6 Mo)
[2026-09-05 00:41:58] OK - ordonnance-1963-3.pdf - téléchargé (0.2 Mo)
[2026-09-05 00:41:59] OK - ordonnance-1963-4.pdf - téléchargé (0.1 Mo)
[2026-09-05 00:42:00] OK - ordonnance-1963-5.pdf - téléchargé (0.1 Mo)
[2026-09-05 00:42:00] OK - ordonnance-1963-6.pdf - téléchargé (0.1 Mo)
[2026-09-05 00:42:01] OK - ordonnance-1963-1-bis.pdf - téléchargé (0.1 Mo)
[2026-09-05 00:42:02] OK - ordonnance-1963-1.pdf - téléchargé (0.2 Mo)
[2026-09-05 00:42:02] Résumé: 1007 OK, 0 ERROR, 10 SKIP sur 1017 total
[2026-09-05 01:04:01] OK - ordonnance-2008-02.pdf - téléchargé dans meta/doublon/ (0.1 Mo)
[2026-09-05 01:04:03] OK - ordonnance-2010-028.pdf - téléchargé dans meta/doublon/ (0.6 Mo)
[2026-09-05 01:04:04] OK - ordonnance-2010-01.pdf - téléchargé dans meta/doublon/ (1.7 Mo)
[2026-09-05 01:04:08] OK - ordonnance-1996-02.pdf - téléchargé dans meta/doublon/ (8.5 Mo)
[2026-09-05 01:04:09] OK - ordonnance-1992-11.pdf - téléchargé dans meta/doublon/ (0.5 Mo)
[2026-09-05 01:04:10] OK - ordonnance-1980-3.pdf - téléchargé dans meta/doublon/ (0.2 Mo)
[2026-09-05 01:04:11] OK - ordonnance-1979-6.pdf - téléchargé dans meta/doublon/ (0.2 Mo)
[2026-09-05 01:04:13] OK - ordonnance-1978-34.pdf - téléchargé dans meta/doublon/ (0.8 Mo)
[2026-09-05 01:04:14] OK - ordonnance-1976-8.pdf - téléchargé dans meta/doublon/ (0.7 Mo)
[2026-09-05 01:04:15] OK - ordonnance-1970-32.pdf - téléchargé dans meta/doublon/ (0.1 Mo)
